Archive member included to satisfy reference by file (symbol)

C:/ST/STM32CubeIDE_1.18.0/STM32CubeIDE/plugins/com.st.stm32cube.ide.mcu.externaltools.gnu-tools-for-stm32.13.3.rel1.win32_1.0.0.202411081344/tools/bin/../lib/gcc/arm-none-eabi/13.3.1/../../../../arm-none-eabi/lib/thumb/v7-m/nofp\libc_nano.a(libc_a-atoi.o)
                              ./Core/Src/main.o (atoi)
C:/ST/STM32CubeIDE_1.18.0/STM32CubeIDE/plugins/com.st.stm32cube.ide.mcu.externaltools.gnu-tools-for-stm32.13.3.rel1.win32_1.0.0.202411081344/tools/bin/../lib/gcc/arm-none-eabi/13.3.1/../../../../arm-none-eabi/lib/thumb/v7-m/nofp\libc_nano.a(libc_a-exit.o)
                              C:/ST/STM32CubeIDE_1.18.0/STM32CubeIDE/plugins/com.st.stm32cube.ide.mcu.externaltools.gnu-tools-for-stm32.13.3.rel1.win32_1.0.0.202411081344/tools/bin/../lib/gcc/arm-none-eabi/13.3.1/../../../../arm-none-eabi/lib/thumb/v7-m/nofp/crt0.o (exit)
C:/ST/STM32CubeIDE_1.18.0/STM32CubeIDE/plugins/com.st.stm32cube.ide.mcu.externaltools.gnu-tools-for-stm32.13.3.rel1.win32_1.0.0.202411081344/tools/bin/../lib/gcc/arm-none-eabi/13.3.1/../../../../arm-none-eabi/lib/thumb/v7-m/nofp\libc_nano.a(libc_a-strtol.o)
                              C:/ST/STM32CubeIDE_1.18.0/STM32CubeIDE/plugins/com.st.stm32cube.ide.mcu.externaltools.gnu-tools-for-stm32.13.3.rel1.win32_1.0.0.202411081344/tools/bin/../lib/gcc/arm-none-eabi/13.3.1/../../../../arm-none-eabi/lib/thumb/v7-m/nofp\libc_nano.a(libc_a-atoi.o) (_strtol_r)
C:/ST/STM32CubeIDE_1.18.0/STM32CubeIDE/plugins/com.st.stm32cube.ide.mcu.externaltools.gnu-tools-for-stm32.13.3.rel1.win32_1.0.0.202411081344/tools/bin/../lib/gcc/arm-none-eabi/13.3.1/../../../../arm-none-eabi/lib/thumb/v7-m/nofp\libc_nano.a(libc_a-ctype_.o)
                              C:/ST/STM32CubeIDE_1.18.0/STM32CubeIDE/plugins/com.st.stm32cube.ide.mcu.externaltools.gnu-tools-for-stm32.13.3.rel1.win32_1.0.0.202411081344/tools/bin/../lib/gcc/arm-none-eabi/13.3.1/../../../../arm-none-eabi/lib/thumb/v7-m/nofp\libc_nano.a(libc_a-strtol.o) (_ctype_)
C:/ST/STM32CubeIDE_1.18.0/STM32CubeIDE/plugins/com.st.stm32cube.ide.mcu.externaltools.gnu-tools-for-stm32.13.3.rel1.win32_1.0.0.202411081344/tools/bin/../lib/gcc/arm-none-eabi/13.3.1/../../../../arm-none-eabi/lib/thumb/v7-m/nofp\libc_nano.a(libc_a-findfp.o)
                              C:/ST/STM32CubeIDE_1.18.0/STM32CubeIDE/plugins/com.st.stm32cube.ide.mcu.externaltools.gnu-tools-for-stm32.13.3.rel1.win32_1.0.0.202411081344/tools/bin/../lib/gcc/arm-none-eabi/13.3.1/../../../../arm-none-eabi/lib/thumb/v7-m/nofp\libc_nano.a(libc_a-exit.o) (__stdio_exit_handler)
C:/ST/STM32CubeIDE_1.18.0/STM32CubeIDE/plugins/com.st.stm32cube.ide.mcu.externaltools.gnu-tools-for-stm32.13.3.rel1.win32_1.0.0.202411081344/tools/bin/../lib/gcc/arm-none-eabi/13.3.1/../../../../arm-none-eabi/lib/thumb/v7-m/nofp\libc_nano.a(libc_a-fwalk.o)
                              C:/ST/STM32CubeIDE_1.18.0/STM32CubeIDE/plugins/com.st.stm32cube.ide.mcu.externaltools.gnu-tools-for-stm32.13.3.rel1.win32_1.0.0.202411081344/tools/bin/../lib/gcc/arm-none-eabi/13.3.1/../../../../arm-none-eabi/lib/thumb/v7-m/nofp\libc_nano.a(libc_a-findfp.o) (_fwalk_sglue)
C:/ST/STM32CubeIDE_1.18.0/STM32CubeIDE/plugins/com.st.stm32cube.ide.mcu.externaltools.gnu-tools-for-stm32.13.3.rel1.win32_1.0.0.202411081344/tools/bin/../lib/gcc/arm-none-eabi/13.3.1/../../../../arm-none-eabi/lib/thumb/v7-m/nofp\libc_nano.a(libc_a-sprintf.o)
                              ./Core/Src/main.o (sprintf)
C:/ST/STM32CubeIDE_1.18.0/STM32CubeIDE/plugins/com.st.stm32cube.ide.mcu.externaltools.gnu-tools-for-stm32.13.3.rel1.win32_1.0.0.202411081344/tools/bin/../lib/gcc/arm-none-eabi/13.3.1/../../../../arm-none-eabi/lib/thumb/v7-m/nofp\libc_nano.a(libc_a-stdio.o)
                              C:/ST/STM32CubeIDE_1.18.0/STM32CubeIDE/plugins/com.st.stm32cube.ide.mcu.externaltools.gnu-tools-for-stm32.13.3.rel1.win32_1.0.0.202411081344/tools/bin/../lib/gcc/arm-none-eabi/13.3.1/../../../../arm-none-eabi/lib/thumb/v7-m/nofp\libc_nano.a(libc_a-findfp.o) (__sread)
C:/ST/STM32CubeIDE_1.18.0/STM32CubeIDE/plugins/com.st.stm32cube.ide.mcu.externaltools.gnu-tools-for-stm32.13.3.rel1.win32_1.0.0.202411081344/tools/bin/../lib/gcc/arm-none-eabi/13.3.1/../../../../arm-none-eabi/lib/thumb/v7-m/nofp\libc_nano.a(libc_a-memset.o)
                              C:/ST/STM32CubeIDE_1.18.0/STM32CubeIDE/plugins/com.st.stm32cube.ide.mcu.externaltools.gnu-tools-for-stm32.13.3.rel1.win32_1.0.0.202411081344/tools/bin/../lib/gcc/arm-none-eabi/13.3.1/../../../../arm-none-eabi/lib/thumb/v7-m/nofp/crt0.o (memset)
C:/ST/STM32CubeIDE_1.18.0/STM32CubeIDE/plugins/com.st.stm32cube.ide.mcu.externaltools.gnu-tools-for-stm32.13.3.rel1.win32_1.0.0.202411081344/tools/bin/../lib/gcc/arm-none-eabi/13.3.1/../../../../arm-none-eabi/lib/thumb/v7-m/nofp\libc_nano.a(libc_a-closer.o)
[...]
Memory Configuration

Name             Origin             Length             Attributes
RAM              0x20000000         0x00005000         xrw
FLASH            0x08000000         0x00010000         xr
*default*        0x00000000         0xffffffff

Linker script and memory map

LOAD C:/ST/STM32CubeIDE_1.18.0/STM32CubeIDE/plugins/com.st.stm32cube.ide.mcu.externaltools.gnu-tools-for-stm32.13.3.rel1.win32_1.0.0.202411081344/tools/bin/../lib/gcc/arm-none-eabi/13.3.1/thumb/v7-m/nofp/crti.o
LOAD C:/ST/STM32CubeIDE_1.18.0/STM32CubeIDE/plugins/com.st.stm32cube.ide.mcu.externaltools.gnu-tools-for-stm32.13.3.rel1.win32_1.0.0.202411081344/tools/bin/../lib/gcc/arm-none-eabi/13.3.1/thumb/v7-m/nofp/crtbegin.o
LOAD C:/ST/STM32CubeIDE_1.18.0/STM32CubeIDE/plugins/com.st.stm32cube.ide.mcu.externaltools.gnu-tools-for-stm32.13.3.rel1.win32_1.0.0.202411081344/tools/bin/../lib/gcc/arm-none-eabi/13.3.1/../../../../arm-none-eabi/lib/thumb/v7-m/nofp/crt0.o
LOAD ./Core/Src/flash.o
LOAD ./Core/Src/main.o
LOAD ./Core/Src/stm32f1xx_hal_msp.o
LOAD ./Core/Src/stm32f1xx_it.o
LOAD ./Core/Src/syscalls.o
LOAD ./Core/Src/sysmem.o
LOAD ./Core/Src/system_stm32f1xx.o
LOAD ./Core/Startup/startup_stm32f103c8tx.o
LOAD ./Drivers/STM32F1xx_HAL_Driver/Src/stm32f1xx_hal.o
LOAD ./Drivers/STM32F1xx_HAL_Driver/Src/stm32f1xx_hal_cortex.o
LOAD ./Drivers/STM32F1xx_HAL_Driver/Src/stm32f1xx_hal_dma.o
LOAD ./Drivers/STM32F1xx_HAL_Driver/Src/stm32f1xx_hal_exti.o
LOAD ./Drivers/STM32F1xx_HAL_Driver/Src/stm32f1xx_hal_flash.o
LOAD ./Drivers/STM32F1xx_HAL_Driver/Src/stm32f1xx_hal_flash_ex.o
LOAD ./Drivers/STM32F1xx_HAL_Driver/Src/stm32f1xx_hal_gpio.o
LOAD ./Drivers/STM32F1xx_HAL_Driver/Src/stm32f1xx_hal_gpio_ex.o
LOAD ./Drivers/STM32F1xx_HAL_Driver/Src/stm32f1xx_hal_pwr.o
LOAD ./Drivers/STM32F1xx_HAL_Driver/Src/stm32f1xx_hal_rcc.o
LOAD ./Drivers/STM32F1xx_HAL_Driver/Src/stm32f1xx_hal_rcc_ex.o
LOAD ./Drivers/STM32F1xx_HAL_Driver/Src/stm32f1xx_hal_spi.o
LOAD ./Drivers/STM32F1xx_HAL_Driver/Src/stm32f1xx_hal_tim.o
LOAD ./Drivers/STM32F1xx_HAL_Driver/Src/stm32f1xx_hal_tim_ex.o
LOAD ./Drivers/STM32F1xx_HAL_Driver/Src/stm32f1xx_hal_uart.o
LOAD ./FATFS/App/fatfs.o
LOAD ./FATFS/Target/user_diskio.o
LOAD ./MIDWARE/FATFS_SD/FATFS_SD.o
LOAD ./Middlewares/Third_Party/FatFs/src/diskio.o
LOAD ./Middlewares/Third_Party/FatFs/src/ff.o
LOAD ./Middlewares/Third_Party/FatFs/src/ff_gen_drv.o
LOAD ./Middlewares/Third_Party/FatFs/src/option/ccsbcs.o
LOAD ./Middlewares/Third_Party/FatFs/src/option/syscall.o
START GROUP
LOAD C:/ST/STM32CubeIDE_1.18.0/STM32CubeIDE/plugins/com.st.stm32cube.ide.mcu.externaltools.gnu-tools-for-stm32.13.3.rel1.win32_1.0.0.202411081344/tools/bin/../lib/gcc/arm-none-eabi/13.3.1/../../../../arm-none-eabi/lib/thumb/v7-m/nofp\libc_nano.a
LOAD C:/ST/STM32CubeIDE_1.18.0/STM32CubeIDE/plugins/com.st.stm32cube.ide.mcu.externaltools.gnu-tools-for-stm32.13.3.rel1.win32_1.0.0.202411081344/tools/bin/../lib/gcc/arm-none-eabi/13.3.1/../../../../arm-none-eabi/lib/thumb/v7-m/nofp\libm.a
END GROUP
START GROUP
LOAD C:/ST/STM32CubeIDE_1.18.0/STM32CubeIDE/plugins/com.st.stm32cube.ide.mcu.externaltools.gnu-tools-for-stm32.13.3.rel1.win32_1.0.0.202411081344/tools/bin/../lib/gcc/arm-none-eabi/13.3.1/thumb/v7-m/nofp\libgcc.a
LOAD C:/ST/STM32CubeIDE_1.18.0/STM32CubeIDE/plugins/com.st.stm32cube.ide.mcu.externaltools.gnu-tools-for-stm32.13.3.rel1.win32_1.0.0.202411081344/tools/bin/../lib/gcc/arm-none-eabi/13.3.1/../../../../arm-none-eabi/lib/thumb/v7-m/nofp\libc_nano.a
END GROUP
START GROUP
LOAD C:/ST/STM32CubeIDE_1.18.0/STM32CubeIDE/plugins/com.st.stm32cube.ide.mcu.externaltools.gnu-tools-for-stm32.13.3.rel1.win32_1.0.0.202411081344/tools/bin/../lib/gcc/arm-none-eabi/13.3.1/thumb/v7-m/nofp\libgcc.a
LOAD C:/ST/STM32CubeIDE_1.18.0/STM32CubeIDE/plugins/com.st.stm32cube.ide.mcu.externaltools.gnu-tools-for-stm32.13.3.rel1.win32_1.0.0.202411081344/tools/bin/../lib/gcc/arm-none-eabi/13.3.1/../../../../arm-none-eabi/lib/thumb/v7-m/nofp\libc_nano.a
LOAD C:/ST/STM32CubeIDE_1.18.0/STM32CubeIDE/plugins/com.st.stm32cube.ide.mcu.externaltools.gnu-tools-for-stm32.13.3.rel1.win32_1.0.0.202411081344/tools/bin/../lib/gcc/arm-none-eabi/13.3.1/../../../../arm-none-eabi/lib/thumb/v7-m/nofp\libnosys.a
END GROUP
START GROUP
LOAD C:/ST/STM32CubeIDE_1.18.0/STM32CubeIDE/plugins/com.st.stm32cube.ide.mcu.externaltools.gnu-tools-for-stm32.13.3.rel1.win32_1.0.0.202411081344/tools/bin/../lib/gcc/arm-none-eabi/13.3.1/thumb/v7-m/nofp\libgcc.a
LOAD C:/ST/STM32CubeIDE_1.18.0/STM32CubeIDE/plugins/com.st.stm32cube.ide.mcu.externaltools.gnu-tools-for-stm32.13.3.rel1.win32_1.0.0.202411081344/tools/bin/../lib/gcc/arm-none-eabi/13.3.1/../../../../arm-none-eabi/lib/thumb/v7-m/nofp\libc_nano.a
LOAD C:/ST/STM32CubeIDE_1.18.0/STM32CubeIDE/plugins/com.st.stm32cube.ide.mcu.externaltools.gnu-tools-for-stm32.13.3.rel1.win32_1.0.0.202411081344/tools/bin/../lib/gcc/arm-none-eabi/13.3.1/../../../../arm-none-eabi/lib/thumb/v7-m/nofp\libnosys.a
END GROUP
LOAD C:/ST/STM32CubeIDE_1.18.0/STM32CubeIDE/plugins/com.st.stm32cube.ide.mcu.externaltools.gnu-tools-for-stm32.13.3.rel1.win32_1.0.0.202411081344/tools/bin/../lib/gcc/arm-none-eabi/13.3.1/thumb/v7-m/nofp/crtend.o
LOAD C:/ST/STM32CubeIDE_1.18.0/STM32CubeIDE/plugins/com.st.stm32cube.ide.mcu.externaltools.gnu-tools-for-stm32.13.3.rel1.win32_1.0.0.202411081344/tools/bin/../lib/gcc/arm-none-eabi/13.3.1/thumb/v7-m/nofp/crtn.o
                0x20005000                        _estack = (ORIGIN (RAM) + LENGTH (RAM))
                0x00000200                        _Min_Heap_Size = 0x200
                0x00000400                        _Min_Stack_Size = 0x400

.isr_vector     0x08000000      0x10c
                0x08000000                        . = ALIGN (0x4)
 *(.isr_vector)
 .isr_vector    0x08000000      0x10c ./Core/Startup/startup_stm32f103c8tx.o
                0x08000000                g_pfnVectors
                0x0800010c                        . = ALIGN (0x4)

.text           0x0800010c     0x7c20
                0x0800010c                        . = ALIGN (0x4)
 *(.text)
 .text          0x0800010c       0x40 C:/ST/STM32CubeIDE_1.18.0/STM32CubeIDE/plugins/com.st.stm32cube.ide.mcu.externaltools.gnu-tools-for-stm32.13.3.rel1.win32_1.0.0.202411081344/tools/bin/../lib/gcc/arm-none-eabi/13.3.1/thumb/v7-m/nofp/crtbegin.o
 .text          0x0800014c       0x10 C:/ST/STM32CubeIDE_1.18.0/STM32CubeIDE/plugins/com.st.stm32cube.ide.mcu.externaltools.gnu-tools-for-stm32.13.3.rel1.win32_1.0.0.202411081344/tools/bin/../lib/gcc/arm-none-eabi/13.3.1/../../../../arm-none-eabi/lib/thumb/v7-m/nofp\libc_nano.a(libc_a-strlen.o)
                0x0800014c                strlen
 .text          0x0800015c      0x254 C:/ST/STM32CubeIDE_1.18.0/STM32CubeIDE/plugins/com.st.stm32cube.ide.mcu.externaltools.gnu-tools-for-stm32.13.3.rel1.win32_1.0.0.202411081344/tools/bin/../lib/gcc/arm-none-eabi/13.3.1/thumb/v7-m/nofp\libgcc.a(_arm_muldf3.o)
                0x0800015c                __muldf3
                0x0800015c                __aeabi_dmul
 .text          0x080003b0      0x378 C:/ST/STM32CubeIDE_1.18.0/STM32CubeIDE/plugins/com.st.stm32cube.ide.mcu.externaltools.gnu-tools-for-stm32.13.3.rel1.win32_1.0.0.202411081344/tools/bin/../lib/gcc/arm-none-eabi/13.3.1/thumb/v7-m/nofp\libgcc.a(_arm_addsubdf3.o)
                0x080003b0                __aeabi_drsub
                0x080003b8                __aeabi_dsub
                0x080003b8                __subdf3
                0x080003bc                __aeabi_dadd
                0x080003bc                __adddf3
                0x08000634                __floatunsidf
                0x08000634                __aeabi_ui2d
                0x08000654                __floatsidf
                0x08000654                __aeabi_i2d
                0x08000678                __aeabi_f2d
                0x08000678                __extendsfdf2
                0x080006bc                __floatundidf
                0x080006bc                __aeabi_ul2d
                0x080006cc                __floatdidf
                0x080006cc                __aeabi_l2d
 .text          0x08000728       0x40 C:/ST/STM32CubeIDE_1.18.0/STM32CubeIDE/plugins/com.st.stm32cube.ide.mcu.externaltools.gnu-tools-for-stm32.13.3.rel1.win32_1.0.0.202411081344/tools/bin/../lib/gcc/arm-none-eabi/13.3.1/thumb/v7-m/nofp\libgcc.a(_arm_fixunsdfsi.o)
                0x08000728                __aeabi_d2uiz
                0x08000728                __fixunsdfsi
 *(.text*)
 .text.Flash_Unlock
                0x08000768       0x44 ./Core/Src/flash.o
                0x08000768                Flash_Unlock
 .text.Flash_Lock
                0x080007ac       0x1c ./Core/Src/flash.o
                0x080007ac                Flash_Lock
 .text.Flash_ErasePage
                0x080007c8       0x64 ./Core/Src/flash.o
                0x080007c8                Flash_ErasePage
 .text.Flash_Write
                0x0800082c       0x58 ./Core/Src/flash.o
                0x0800082c                Flash_Write
 .text.Flash_WriteString
                0x08000884       0x80 ./Core/Src/flash.o
                0x08000884                Flash_WriteString
 .text.Flash_ReadString
                0x08000904       0x80 ./Core/Src/flash.o
                0x08000904                Flash_ReadString
 .text.main     0x08000984      0x230 ./Core/Src/main.o
                0x08000984                main
 .text.SystemClock_Config
                0x08000bb4       0x76 ./Core/Src/main.o
                0x08000bb4                SystemClock_Config
 *fill*         0x08000c2a        0x2 
 .text.MX_SPI2_Init
                0x08000c2c       0x6c ./Core/Src/main.o
 .text.MX_USART1_UART_Init
                0x08000c98       0x54 ./Core/Src/main.o
 .text.MX_GPIO_Init
                0x08000cec       0x98 ./Core/Src/main.o
 .text.Error_Handler
                0x08000d84        0xc ./Core/Src/main.o
                0x08000d84                Error_Handler
 .text.HAL_MspInit
                0x08000d90       0x64 ./Core/Src/stm32f1xx_hal_msp.o
                0x08000d90                HAL_MspInit
 .text.HAL_SPI_MspInit
                0x08000df4       0x98 ./Core/Src/stm32f1xx_hal_msp.o
                0x08000df4                HAL_SPI_MspInit
 .text.HAL_UART_MspInit
                0x08000e8c       0x98 ./Core/Src/stm32f1xx_hal_msp.o
                0x08000e8c                HAL_UART_MspInit
 .text.NMI_Handler
                0x08000f24        0x8 ./Core/Src/stm32f1xx_it.o
                0x08000f24                NMI_Handler
 .text.HardFault_Handler
                0x08000f2c        0x8 ./Core/Src/stm32f1xx_it.o
                0x08000f2c                HardFault_Handler
 .text.MemManage_Handler
                0x08000f34        0x8 ./Core/Src/stm32f1xx_it.o
                0x08000f34                MemManage_Handler
 .text.BusFault_Handler
                0x08000f3c        0x8 ./Core/Src/stm32f1xx_it.o
                0x08000f3c                BusFault_Handler
 .text.UsageFault_Handler
                0x08000f44        0x8 ./Core/Src/stm32f1xx_it.o
                0x08000f44                UsageFault_Handler
 .text.SVC_Handler
                0x08000f4c        0xc ./Core/Src/stm32f1xx_it.o
                0x08000f4c                SVC_Handler
 .text.DebugMon_Handler
                0x08000f58        0xc ./Core/Src/stm32f1xx_it.o
                0x08000f58                DebugMon_Handler
 .text.PendSV_Handler
                0x08000f64        0xc ./Core/Src/stm32f1xx_it.o
                0x08000f64                PendSV_Handler
 .text.SysTick_Handler
                0x08000f70       0x3c ./Core/Src/stm32f1xx_it.o
                0x08000f70                SysTick_Handler
 .text._sbrk    0x08000fac       0x6c ./Core/Src/sysmem.o
                0x08000fac                _sbrk
 .text.SystemInit
                0x08001018        0xc ./Core/Src/system_stm32f1xx.o
                0x08001018                SystemInit
 .text.Reset_Handler
                0x08001024       0x48 ./Core/Startup/startup_stm32f103c8tx.o
                0x08001024                Reset_Handler
 .text.Default_Handler
                0x0800106c        0x2 ./Core/Startup/startup_stm32f103c8tx.o
                0x0800106c                RTC_Alarm_IRQHandler
                0x0800106c                EXTI2_IRQHandler
                0x0800106c                TIM1_CC_IRQHandler
                0x0800106c                PVD_IRQHandler
                0x0800106c                EXTI3_IRQHandler
                0x0800106c                EXTI0_IRQHandler
                0x0800106c                I2C2_EV_IRQHandler
                0x0800106c                ADC1_2_IRQHandler
                0x0800106c                SPI1_IRQHandler
                0x0800106c                TAMPER_IRQHandler
                0x0800106c                DMA1_Channel4_IRQHandler
                0x0800106c                USART3_IRQHandler
                0x0800106c                RTC_IRQHandler
                0x0800106c                DMA1_Channel7_IRQHandler
                0x0800106c                CAN1_RX1_IRQHandler
                0x0800106c                TIM4_IRQHandler
                0x0800106c                I2C1_EV_IRQHandler
                0x0800106c                DMA1_Channel6_IRQHandler
                0x0800106c                TIM3_IRQHandler
                0x0800106c                RCC_IRQHandler
                0x0800106c                TIM1_TRG_COM_IRQHandler
                0x0800106c                DMA1_Channel1_IRQHandler
                0x0800106c                Default_Handler
                0x0800106c                EXTI15_10_IRQHandler
                0x0800106c                EXTI9_5_IRQHandler
                0x0800106c                SPI2_IRQHandler
                0x0800106c                DMA1_Channel5_IRQHandler
                0x0800106c                EXTI4_IRQHandler
                0x0800106c                USB_LP_CAN1_RX0_IRQHandler
                0x0800106c                USB_HP_CAN1_TX_IRQHandler
                0x0800106c                DMA1_Channel3_IRQHandler
                0x0800106c                TIM1_UP_IRQHandler
                0x0800106c                WWDG_IRQHandler
                0x0800106c                TIM2_IRQHandler
                0x0800106c                TIM1_BRK_IRQHandler
                0x0800106c                EXTI1_IRQHandler
                0x0800106c                USART2_IRQHandler
                0x0800106c                I2C2_ER_IRQHandler
                0x0800106c                DMA1_Channel2_IRQHandler
                0x0800106c                CAN1_SCE_IRQHandler
                0x0800106c                FLASH_IRQHandler
                0x0800106c                USART1_IRQHandler
                0x0800106c                I2C1_ER_IRQHandler
                0x0800106c                USBWakeUp_IRQHandler
 *fill*         0x0800106e        0x2 
 .text.HAL_Init
                0x08001070       0x2c ./Drivers/STM32F1xx_HAL_Driver/Src/stm32f1xx_hal.o
                0x08001070                HAL_Init
 .text.HAL_InitTick
                0x0800109c       0x60 ./Drivers/STM32F1xx_HAL_Driver/Src/stm32f1xx_hal.o
                0x0800109c                HAL_InitTick
 .text.HAL_IncTick
                0x080010fc       0x24 ./Drivers/STM32F1xx_HAL_Driver/Src/stm32f1xx_hal.o
                0x080010fc                HAL_IncTick
 .text.HAL_GetTick
                0x08001120       0x14 ./Drivers/STM32F1xx_HAL_Driver/Src/stm32f1xx_hal.o
                0x08001120                HAL_GetTick
 .text.__NVIC_SetPriorityGrouping
                0x08001134       0x48 ./Drivers/STM32F1xx_HAL_Driver/Src/stm32f1xx_hal_cortex.o
 .text.__NVIC_GetPriorityGrouping
                0x0800117c       0x1c ./Drivers/STM32F1xx_HAL_Driver/Src/stm32f1xx_hal_cortex.o
 .text.__NVIC_SetPriority
                0x08001198       0x54 ./Drivers/STM32F1xx_HAL_Driver/Src/stm32f1xx_hal_cortex.o
 .text.NVIC_EncodePriority
                0x080011ec       0x64 ./Drivers/STM32F1xx_HAL_Driver/Src/stm32f1xx_hal_cortex.o
 .text.SysTick_Config
                0x08001250       0x44 ./Drivers/STM32F1xx_HAL_Driver/Src/stm32f1xx_hal_cortex.o
 .text.HAL_NVIC_SetPriorityGrouping
                0x08001294       0x16 ./Drivers/STM32F1xx_HAL_Driver/Src/stm32f1xx_hal_cortex.o
                0x08001294                HAL_NVIC_SetPriorityGrouping
 .text.HAL_NVIC_SetPriority
                0x080012aa       0x38 ./Drivers/STM32F1xx_HAL_Driver/Src/stm32f1xx_hal_cortex.o
                0x080012aa                HAL_NVIC_SetPriority
 .text.HAL_SYSTICK_Config
                0x080012e2       0x18 ./Drivers/STM32F1xx_HAL_Driver/Src/stm32f1xx_hal_cortex.o
                0x080012e2                HAL_SYSTICK_Config
 *fill*         0x080012fa        0x2 
 .text.HAL_GPIO_Init
                0x080012fc      0x308 ./Drivers/STM32F1xx_HAL_Driver/Src/stm32f1xx_hal_gpio.o
                0x080012fc                HAL_GPIO_Init
 .text.HAL_GPIO_WritePin
                0x08001604       0x30 ./Drivers/STM32F1xx_HAL_Driver/Src/stm32f1xx_hal_gpio.o
                0x08001604                HAL_GPIO_WritePin
 .text.HAL_RCC_OscConfig
                0x08001634      0x504 ./Drivers/STM32F1xx_HAL_Driver/Src/stm32f1xx_hal_rcc.o
                0x08001634                HAL_RCC_OscConfig
 .text.HAL_RCC_ClockConfig
                0x08001b38      0x1d4 ./Drivers/STM32F1xx_HAL_Driver/Src/stm32f1xx_hal_rcc.o
                0x08001b38                HAL_RCC_ClockConfig
 .text.HAL_RCC_GetSysClockFreq
                0x08001d0c       0xa8 ./Drivers/STM32F1xx_HAL_Driver/Src/stm32f1xx_hal_rcc.o
                0x08001d0c                HAL_RCC_GetSysClockFreq
 .text.HAL_RCC_GetHCLKFreq
                0x08001db4       0x14 ./Drivers/STM32F1xx_HAL_Driver/Src/stm32f1xx_hal_rcc.o
                0x08001db4                HAL_RCC_GetHCLKFreq
 .text.HAL_RCC_GetPCLK1Freq
                0x08001dc8       0x28 ./Drivers/STM32F1xx_HAL_Driver/Src/stm32f1xx_hal_rcc.o
                0x08001dc8                HAL_RCC_GetPCLK1Freq
 .text.HAL_RCC_GetPCLK2Freq
                0x08001df0       0x28 ./Drivers/STM32F1xx_HAL_Driver/Src/stm32f1xx_hal_rcc.o
                0x08001df0                HAL_RCC_GetPCLK2Freq
 .text.RCC_Delay
                0x08001e18       0x3c ./Drivers/STM32F1xx_HAL_Driver/Src/stm32f1xx_hal_rcc.o
 .text.HAL_SPI_Init
                0x08001e54      0x108 ./Drivers/STM32F1xx_HAL_Driver/Src/stm32f1xx_hal_spi.o
                0x08001e54                HAL_SPI_Init
 .text.HAL_SPI_Transmit
                0x08001f5c      0x286 ./Drivers/STM32F1xx_HAL_Driver/Src/stm32f1xx_hal_spi.o
                0x08001f5c                HAL_SPI_Transmit
 .text.HAL_SPI_TransmitReceive
                0x080021e2      0x360 ./Drivers/STM32F1xx_HAL_Driver/Src/stm32f1xx_hal_spi.o
                0x080021e2                HAL_SPI_TransmitReceive
 *fill*         0x08002542        0x2 
 .text.SPI_WaitFlagStateUntilTimeout
                0x08002544      0x110 ./Drivers/STM32F1xx_HAL_Driver/Src/stm32f1xx_hal_spi.o
 .text.SPI_EndRxTxTransaction
                0x08002654       0x3c ./Drivers/STM32F1xx_HAL_Driver/Src/stm32f1xx_hal_spi.o
 .text.HAL_UART_Init
                0x08002690       0xa0 ./Drivers/STM32F1xx_HAL_Driver/Src/stm32f1xx_hal_uart.o
                0x08002690                HAL_UART_Init
 .text.UART_SetConfig
                0x08002730      0x11c ./Drivers/STM32F1xx_HAL_Driver/Src/stm32f1xx_hal_uart.o
 .text.MX_FATFS_Init
                0x0800284c       0x24 ./FATFS/App/fatfs.o
                0x0800284c                MX_FATFS_Init
 .text.get_fattime
                0x08002870        0xe ./FATFS/App/fatfs.o
                0x08002870                get_fattime
 .text.USER_initialize
                0x0800287e       0x1c ./FATFS/Target/user_diskio.o
                0x0800287e                USER_initialize
 .text.USER_status
                0x0800289a       0x1c ./FATFS/Target/user_diskio.o
                0x0800289a                USER_status
 .text.USER_read
                0x080028b6       0x26 ./FATFS/Target/user_diskio.o
                0x080028b6                USER_read
 .text.USER_write
                0x080028dc       0x26 ./FATFS/Target/user_diskio.o
                0x080028dc                USER_write
 .text.USER_ioctl
                0x08002902       0x26 ./FATFS/Target/user_diskio.o
                0x08002902                USER_ioctl
 .text.SELECT   0x08002928       0x18 ./MIDWARE/FATFS_SD/FATFS_SD.o
 .text.DESELECT
                0x08002940       0x18 ./MIDWARE/FATFS_SD/FATFS_SD.o
 .text.SPI_TxByte
                0x08002958       0x34 ./MIDWARE/FATFS_SD/FATFS_SD.o
 .text.SPI_TxBuffer
                0x0800298c       0x34 ./MIDWARE/FATFS_SD/FATFS_SD.o
 .text.SPI_RxByte
                0x080029c0       0x38 ./MIDWARE/FATFS_SD/FATFS_SD.o
 .text.SPI_RxBytePtr
                0x080029f8       0x1c ./MIDWARE/FATFS_SD/FATFS_SD.o
 .text.SD_ReadyWait
                0x08002a14       0x34 ./MIDWARE/FATFS_SD/FATFS_SD.o
 .text.SD_PowerOn
                0x08002a48       0x84 ./MIDWARE/FATFS_SD/FATFS_SD.o
 .text.SD_PowerOff
                0x08002acc       0x18 ./MIDWARE/FATFS_SD/FATFS_SD.o
 .text.SD_CheckPower
                0x08002ae4       0x14 ./MIDWARE/FATFS_SD/FATFS_SD.o
 .text.SD_RxDataBlock
                0x08002af8       0x5c ./MIDWARE/FATFS_SD/FATFS_SD.o
 .text.SD_TxDataBlock
                0x08002b54       0x86 ./MIDWARE/FATFS_SD/FATFS_SD.o
 .text.SD_SendCmd
                0x08002bda       0xa8 ./MIDWARE/FATFS_SD/FATFS_SD.o
 *fill*         0x08002c82        0x2 
 .text.SD_disk_initialize
                0x08002c84      0x1cc ./MIDWARE/FATFS_SD/FATFS_SD.o
                0x08002c84                SD_disk_initialize
 .text.SD_disk_status
                0x08002e50       0x28 ./MIDWARE/FATFS_SD/FATFS_SD.o
                0x08002e50                SD_disk_status
 .text.SD_disk_read
                0x08002e78       0xd4 ./MIDWARE/FATFS_SD/FATFS_SD.o
                0x08002e78                SD_disk_read
 .text.SD_disk_write
                0x08002f4c      0x108 ./MIDWARE/FATFS_SD/FATFS_SD.o
                0x08002f4c                SD_disk_write
 .text.SD_disk_ioctl
                0x08003054      0x254 ./MIDWARE/FATFS_SD/FATFS_SD.o
                0x08003054                SD_disk_ioctl
 .text.disk_status
                0x080032a8       0x34 ./Middlewares/Third_Party/FatFs/src/diskio.o
                0x080032a8                disk_status
 .text.disk_initialize
                0x080032dc       0x4c ./Middlewares/Third_Party/FatFs/src/diskio.o
                0x080032dc                disk_initialize
 .text.disk_read
                0x08003328       0x40 ./Middlewares/Third_Party/FatFs/src/diskio.o
                0x08003328                disk_read
 .text.disk_write
                0x08003368       0x40 ./Middlewares/Third_Party/FatFs/src/diskio.o
                0x08003368                disk_write
 .text.disk_ioctl
                0x080033a8       0x3c ./Middlewares/Third_Party/FatFs/src/diskio.o
                0x080033a8                disk_ioctl
 .text.mem_cpy  0x080033e4       0x3c ./Middlewares/Third_Party/FatFs/src/ff.o
 .text.mem_set  0x08003420       0x34 ./Middlewares/Third_Party/FatFs/src/ff.o
 .text.mem_cmp  0x08003454       0x4c ./Middlewares/Third_Party/FatFs/src/ff.o
 .text.chk_chr  0x080034a0       0x34 ./Middlewares/Third_Party/FatFs/src/ff.o
 .text.chk_lock
                0x080034d4       0xe0 ./Middlewares/Third_Party/FatFs/src/ff.o
 .text.enq_lock
                0x080035b4       0x48 ./Middlewares/Third_Party/FatFs/src/ff.o
 .text.inc_lock
                0x080035fc      0x178 ./Middlewares/Third_Party/FatFs/src/ff.o
 .text.dec_lock
                0x08003774       0x88 ./Middlewares/Third_Party/FatFs/src/ff.o
 .text.clear_lock
                0x080037fc       0x54 ./Middlewares/Third_Party/FatFs/src/ff.o
 .text.sync_window
                0x08003850       0xa4 ./Middlewares/Third_Party/FatFs/src/ff.o
 .text.move_window
                0x080038f4       0x64 ./Middlewares/Third_Party/FatFs/src/ff.o
 .text.sync_fs  0x08003958      0x17e ./Middlewares/Third_Party/FatFs/src/ff.o
 .text.clust2sect
                0x08003ad6       0x48 ./Middlewares/Third_Party/FatFs/src/ff.o
                0x08003ad6                clust2sect
 .text.get_fat  0x08003b1e      0x1f8 ./Middlewares/Third_Party/FatFs/src/ff.o
                0x08003b1e                get_fat
 .text.put_fat  0x08003d16      0x2a6 ./Middlewares/Third_Party/FatFs/src/ff.o
                0x08003d16                put_fat
 .text.remove_chain
                0x08003fbc       0xc2 ./Middlewares/Third_Party/FatFs/src/ff.o
 .text.create_chain
                0x0800407e      0x150 ./Middlewares/Third_Party/FatFs/src/ff.o
 .text.clmt_clust
                0x080041ce       0x80 ./Middlewares/Third_Party/FatFs/src/ff.o
 .text.dir_sdi  0x0800424e      0x19c ./Middlewares/Third_Party/FatFs/src/ff.o
 .text.dir_next
                0x080043ea      0x294 ./Middlewares/Third_Party/FatFs/src/ff.o
 .text.dir_alloc
                0x0800467e       0x9c ./Middlewares/Third_Party/FatFs/src/ff.o
 .text.ld_clust
                0x0800471a       0x60 ./Middlewares/Third_Party/FatFs/src/ff.o
 .text.st_clust
                0x0800477a       0x4c ./Middlewares/Third_Party/FatFs/src/ff.o
 *fill*         0x080047c6        0x2 
 .text.cmp_lfn  0x080047c8       0xdc ./Middlewares/Third_Party/FatFs/src/ff.o
 .text.fit_lfn  0x080048a4       0xe8 ./Middlewares/Third_Party/FatFs/src/ff.o
 .text.gen_numname
                0x0800498c      0x11c ./Middlewares/Third_Party/FatFs/src/ff.o
 .text.sum_sfn  0x08004aa8       0x40 ./Middlewares/Third_Party/FatFs/src/ff.o
 .text.dir_find
                0x08004ae8      0x198 ./Middlewares/Third_Party/FatFs/src/ff.o
 .text.dir_register
                0x08004c80      0x248 ./Middlewares/Third_Party/FatFs/src/ff.o
 .text.create_name
                0x08004ec8      0x37c ./Middlewares/Third_Party/FatFs/src/ff.o
 .text.follow_path
                0x08005244       0xec ./Middlewares/Third_Party/FatFs/src/ff.o
 .text.get_ldnumber
                0x08005330       0x86 ./Middlewares/Third_Party/FatFs/src/ff.o
 *fill*         0x080053b6        0x2 
 .text.check_fs
                0x080053b8       0xdc ./Middlewares/Third_Party/FatFs/src/ff.o
 .text.find_volume
                0x08005494      0x670 ./Middlewares/Third_Party/FatFs/src/ff.o
 .text.validate
                0x08005b04       0x76 ./Middlewares/Third_Party/FatFs/src/ff.o
 *fill*         0x08005b7a        0x2 
 .text.f_mount  0x08005b7c       0x94 ./Middlewares/Third_Party/FatFs/src/ff.o
                0x08005b7c                f_mount
 .text.f_open   0x08005c10      0x628 ./Middlewares/Third_Party/FatFs/src/ff.o
                0x08005c10                f_open
 .text.f_write  0x08006238      0x472 ./Middlewares/Third_Party/FatFs/src/ff.o
                0x08006238                f_write
 .text.f_sync   0x080066aa      0x19c ./Middlewares/Third_Party/FatFs/src/ff.o
                0x080066aa                f_sync
 .text.f_close  0x08006846       0x56 ./Middlewares/Third_Party/FatFs/src/ff.o
                0x08006846                f_close
 .text.f_lseek  0x0800689c      0x5e2 ./Middlewares/Third_Party/FatFs/src/ff.o
                0x0800689c                f_lseek
 .text.f_getfree
                0x08006e7e      0x1b6 ./Middlewares/Third_Party/FatFs/src/ff.o
                0x08006e7e                f_getfree
 .text.putc_bfd
                0x08007034       0x7a ./Middlewares/Third_Party/FatFs/src/ff.o
 .text.f_puts   0x080070ae       0x72 ./Middlewares/Third_Party/FatFs/src/ff.o
                0x080070ae                f_puts
 .text.FATFS_LinkDriverEx
                0x08007120       0x94 ./Middlewares/Third_Party/FatFs/src/ff_gen_drv.o
                0x08007120                FATFS_LinkDriverEx
 .text.FATFS_LinkDriver
                0x080071b4       0x1e ./Middlewares/Third_Party/FatFs/src/ff_gen_drv.o
                0x080071b4                FATFS_LinkDriver
 *fill*         0x080071d2        0x2 
 .text.ff_convert
                0x080071d4       0x74 ./Middlewares/Third_Party/FatFs/src/option/ccsbcs.o
                0x080071d4                ff_convert
 .text.ff_wtoupper
                0x08007248       0x5c ./Middlewares/Third_Party/FatFs/src/option/ccsbcs.o
                0x08007248                ff_wtoupper
 .text.atoi     0x080072a4        0x8 C:/ST/STM32CubeIDE_1.18.0/STM32CubeIDE/plugins/com.st.stm32cube.ide.mcu.externaltools.gnu-tools-for-stm32.13.3.rel1.win32_1.0.0.202411081344/tools/bin/../lib/gcc/arm-none-eabi/13.3.1/../../../../arm-none-eabi/lib/thumb/v7-m/nofp\libc_nano.a(libc_a-atoi.o)
                0x080072a4                atoi
 .text._strtol_l.isra.0
                0x080072ac       0xf4 C:/ST/STM32CubeIDE_1.18.0/STM32CubeIDE/plugins/com.st.stm32cube.ide.mcu.externaltools.gnu-tools-for-stm32.13.3.rel1.win32_1.0.0.202411081344/tools/bin/../lib/gcc/arm-none-eabi/13.3.1/../../../../arm-none-eabi/lib/thumb/v7-m/nofp\libc_nano.a(libc_a-strtol.o)
 .text.strtol   0x080073a0       0x14 C:/ST/STM32CubeIDE_1.18.0/STM32CubeIDE/plugins/com.st.stm32cube.ide.mcu.externaltools.gnu-tools-for-stm32.13.3.rel1.win32_1.0.0.202411081344/tools/bin/../lib/gcc/arm-none-eabi/13.3.1/../../../../arm-none-eabi/lib/thumb/v7-m/nofp\libc_nano.a(libc_a-strtol.o)
                0x080073a0                strtol
 .text.sprintf  0x080073b4       0x44 C:/ST/STM32CubeIDE_1.18.0/STM32CubeIDE/plugins/com.st.stm32cube.ide.mcu.externaltools.gnu-tools-for-stm32.13.3.rel1.win32_1.0.0.202411081344/tools/bin/../lib/gcc/arm-none-eabi/13.3.1/../../../../arm-none-eabi/lib/thumb/v7-m/nofp\libc_nano.a(libc_a-sprintf.o)
                0x080073b4                siprintf
                0x080073b4                sprintf
 .text.memset   0x080073f8       0x10 C:/ST/STM32CubeIDE_1.18.0/STM32CubeIDE/plugins/com.st.stm32cube.ide.mcu.externaltools.gnu-tools-for-stm32.13.3.rel1.win32_1.0.0.202411081344/tools/bin/../lib/gcc/arm-none-eabi/13.3.1/../../../../arm-none-eabi/lib/thumb/v7-m/nofp\libc_nano.a(libc_a-memset.o)
                0x080073f8                memset
 .text.__errno  0x08007408        0xc C:/ST/STM32CubeIDE_1.18.0/STM32CubeIDE/plugins/com.st.stm32cube.ide.mcu.externaltools.gnu-tools-for-stm32.13.3.rel1.win32_1.0.0.202411081344/tools/bin/../lib/gcc/arm-none-eabi/13.3.1/../../../../arm-none-eabi/lib/thumb/v7-m/nofp\libc_nano.a(libc_a-errno.o)
                0x08007408                __errno
 .text.__libc_init_array
                0x08007414       0x48 C:/ST/STM32CubeIDE_1.18.0/STM32CubeIDE/plugins/com.st.stm32cube.ide.mcu.externaltools.gnu-tools-for-stm32.13.3.rel1.win32_1.0.0.202411081344/tools/bin/../lib/gcc/arm-none-eabi/13.3.1/../../../../arm-none-eabi/lib/thumb/v7-m/nofp\libc_nano.a(libc_a-init.o)
                0x08007414                __libc_init_array
 .text.__retarget_lock_acquire_recursive
                0x0800745c        0x2 C:/ST/STM32CubeIDE_1.18.0/STM32CubeIDE/plugins/com.st.stm32cube.ide.mcu.externaltools.gnu-tools-for-stm32.13.3.rel1.win32_1.0.0.202411081344/tools/bin/../lib/gcc/arm-none-eabi/13.3.1/../../../../arm-none-eabi/lib/thumb/v7-m/nofp\libc_nano.a(libc_a-lock.o)
                0x0800745c                __retarget_lock_acquire_recursive
 .text.__retarget_lock_release_recursive
                0x0800745e        0x2 C:/ST/STM32CubeIDE_1.18.0/STM32CubeIDE/plugins/com.st.stm32cube.ide.mcu.externaltools.gnu-tools-for-stm32.13.3.rel1.win32_1.0.0.202411081344/tools/bin/../lib/gcc/arm-none-eabi/13.3.1/../../../../arm-none-eabi/lib/thumb/v7-m/nofp\libc_nano.a(libc_a-lock.o)
                0x0800745e                __retarget_lock_release_recursive
 .text._free_r  0x08007460       0x90 C:/ST/STM32CubeIDE_1.18.0/STM32CubeIDE/plugins/com.st.stm32cube.ide.mcu.externaltools.gnu-tools-for-stm32.13.3.rel1.win32_1.0.0.202411081344/tools/bin/../lib/gcc/arm-none-eabi/13.3.1/../../../../arm-none-eabi/lib/thumb/v7-m/nofp\libc_nano.a(libc_a-freer.o)
                0x08007460                _free_r
 .text.sbrk_aligned
                0x080074f0       0x44 C:/ST/STM32CubeIDE_1.18.0/STM32CubeIDE/plugins/com.st.stm32cube.ide.mcu.externaltools.gnu-tools-for-stm32.13.3.rel1.win32_1.0.0.202411081344/tools/bin/../lib/gcc/arm-none-eabi/13.3.1/../../../../arm-none-eabi/lib/thumb/v7-m/nofp\libc_nano.a(libc_a-mallocr.o)
 .text._malloc_r
                0x08007534      0x100 C:/ST/STM32CubeIDE_1.18.0/STM32CubeIDE/plugins/com.st.stm32cube.ide.mcu.externaltools.gnu-tools-for-stm32.13.3.rel1.win32_1.0.0.202411081344/tools/bin/../lib/gcc/arm-none-eabi/13.3.1/../../../../arm-none-eabi/lib/thumb/v7-m/nofp\libc_nano.a(libc_a-mallocr.o)
                0x08007534                _malloc_r
 .text.__malloc_lock
                0x08007634        0xc C:/ST/STM32CubeIDE_1.18.0/STM32CubeIDE/plugins/com.st.stm32cube.ide.mcu.externaltools.gnu-tools-for-stm32.13.3.rel1.win32_1.0.0.202411081344/tools/bin/../lib/gcc/arm-none-eabi/13.3.1/../../../../arm-none-eabi/lib/thumb/v7-m/nofp\libc_nano.a(libc_a-mlock.o)
                0x08007634                __malloc_lock
 .text.__malloc_unlock
                0x08007640        0xc C:/ST/STM32CubeIDE_1.18.0/STM32CubeIDE/plugins/com.st.stm32cube.ide.mcu.externaltools.gnu-tools-for-stm32.13.3.rel1.win32_1.0.0.202411081344/tools/bin/../lib/gcc/arm-none-eabi/13.3.1/../../../../arm-none-eabi/lib/thumb/v7-m/nofp\libc_nano.a(libc_a-mlock.o)
                0x08007640                __malloc_unlock
 .text.__ssputs_r
                0x0800764c       0xb6 C:/ST/STM32CubeIDE_1.18.0/STM32CubeIDE/plugins/com.st.stm32cube.ide.mcu.externaltools.gnu-tools-for-stm32.13.3.rel1.win32_1.0.0.202411081344/tools/bin/../lib/gcc/arm-none-eabi/13.3.1/../../../../arm-none-eabi/lib/thumb/v7-m/nofp\libc_nano.a(libc_a-nano-svfprintf.o)
                0x0800764c                __ssputs_r
 *fill*         0x08007702        0x2 
 .text._svfprintf_r
                0x08007704      0x1f8 C:/ST/STM32CubeIDE_1.18.0/STM32CubeIDE/plugins/com.st.stm32cube.ide.mcu.externaltools.gnu-tools-for-stm32.13.3.rel1.win32_1.0.0.202411081344/tools/bin/../lib/gcc/arm-none-eabi/13.3.1/../../../../arm-none-eabi/lib/thumb/v7-m/nofp\libc_nano.a(libc_a-nano-svfprintf.o)
                0x08007704                _svfiprintf_r
                0x08007704                _svfprintf_r
 .text._printf_common
                0x080078fc       0xe4 C:/ST/STM32CubeIDE_1.18.0/STM32CubeIDE/plugins/com.st.stm32cube.ide.mcu.externaltools.gnu-tools-for-stm32.13.3.rel1.win32_1.0.0.202411081344/tools/bin/../lib/gcc/arm-none-eabi/13.3.1/../../../../arm-none-eabi/lib/thumb/v7-m/nofp\libc_nano.a(libc_a-nano-vfprintf_i.o)
                0x080078fc                _printf_common
 .text._printf_i
                0x080079e0      0x23c C:/ST/STM32CubeIDE_1.18.0/STM32CubeIDE/plugins/com.st.stm32cube.ide.mcu.externaltools.gnu-tools-for-stm32.13.3.rel1.win32_1.0.0.202411081344/tools/bin/../lib/gcc/arm-none-eabi/13.3.1/../../../../arm-none-eabi/lib/thumb/v7-m/nofp\libc_nano.a(libc_a-nano-vfprintf_i.o)
                0x080079e0                _printf_i
 .text.memmove  0x08007c1c       0x34 C:/ST/STM32CubeIDE_1.18.0/STM32CubeIDE/plugins/com.st.stm32cube.ide.mcu.externaltools.gnu-tools-for-stm32.13.3.rel1.win32_1.0.0.202411081344/tools/bin/../lib/gcc/arm-none-eabi/13.3.1/../../../../arm-none-eabi/lib/thumb/v7-m/nofp\libc_nano.a(libc_a-memmove.o)
                0x08007c1c                memmove
 .text._sbrk_r  0x08007c50       0x20 C:/ST/STM32CubeIDE_1.18.0/STM32CubeIDE/plugins/com.st.stm32cube.ide.mcu.externaltools.gnu-tools-for-stm32.13.3.rel1.win32_1.0.0.202411081344/tools/bin/../lib/gcc/arm-none-eabi/13.3.1/../../../../arm-none-eabi/lib/thumb/v7-m/nofp\libc_nano.a(libc_a-sbrkr.o)
                0x08007c50                _sbrk_r
 .text.memchr   0x08007c70       0x1c C:/ST/STM32CubeIDE_1.18.0/STM32CubeIDE/plugins/com.st.stm32cube.ide.mcu.externaltools.gnu-tools-for-stm32.13.3.rel1.win32_1.0.0.202411081344/tools/bin/../lib/gcc/arm-none-eabi/13.3.1/../../../../arm-none-eabi/lib/thumb/v7-m/nofp\libc_nano.a(libc_a-memchr-stub.o)
                0x08007c70                memchr
 .text.memcpy   0x08007c8c       0x1c C:/ST/STM32CubeIDE_1.18.0/STM32CubeIDE/plugins/com.st.stm32cube.ide.mcu.externaltools.gnu-tools-for-stm32.13.3.rel1.win32_1.0.0.202411081344/tools/bin/../lib/gcc/arm-none-eabi/13.3.1/../../../../arm-none-eabi/lib/thumb/v7-m/nofp\libc_nano.a(libc_a-memcpy-stub.o)
                0x08007c8c                memcpy
 .text._realloc_r
                0x08007ca8       0x5c C:/ST/STM32CubeIDE_1.18.0/STM32CubeIDE/plugins/com.st.stm32cube.ide.mcu.externaltools.gnu-tools-for-stm32.13.3.rel1.win32_1.0.0.202411081344/tools/bin/../lib/gcc/arm-none-eabi/13.3.1/../../../../arm-none-eabi/lib/thumb/v7-m/nofp\libc_nano.a(libc_a-reallocr.o)
                0x08007ca8                _realloc_r
 .text._malloc_usable_size_r
                0x08007d04       0x10 C:/ST/STM32CubeIDE_1.18.0/STM32CubeIDE/plugins/com.st.stm32cube.ide.mcu.externaltools.gnu-tools-for-stm32.13.3.rel1.win32_1.0.0.202411081344/tools/bin/../lib/gcc/arm-none-eabi/13.3.1/../../../../arm-none-eabi/lib/thumb/v7-m/nofp\libc_nano.a(libc_a-msizer.o)
                0x08007d04                _malloc_usable_size_r
 *(.glue_7)
 .glue_7        0x08007d14        0x0 linker stubs
 *(.glue_7t)
 .glue_7t       0x08007d14        0x0 linker stubs
 *(.eh_frame)
 .eh_frame      0x08007d14        0x0 C:/ST/STM32CubeIDE_1.18.0/STM32CubeIDE/plugins/com.st.stm32cube.ide.mcu.externaltools.gnu-tools-for-stm32.13.3.rel1.win32_1.0.0.202411081344/tools/bin/../lib/gcc/arm-none-eabi/13.3.1/thumb/v7-m/nofp/crtbegin.o
 *(.init)
 .init          0x08007d14        0x4 C:/ST/STM32CubeIDE_1.18.0/STM32CubeIDE/plugins/com.st.stm32cube.ide.mcu.externaltools.gnu-tools-for-stm32.13.3.rel1.win32_1.0.0.202411081344/tools/bin/../lib/gcc/arm-none-eabi/13.3.1/thumb/v7-m/nofp/crti.o
                0x08007d14                _init
 .init          0x08007d18        0x8 C:/ST/STM32CubeIDE_1.18.0/STM32CubeIDE/plugins/com.st.stm32cube.ide.mcu.externaltools.gnu-tools-for-stm32.13.3.rel1.win32_1.0.0.202411081344/tools/bin/../lib/gcc/arm-none-eabi/13.3.1/thumb/v7-m/nofp/crtn.o
 *(.fini)
 .fini          0x08007d20        0x4 C:/ST/STM32CubeIDE_1.18.0/STM32CubeIDE/plugins/com.st.stm32cube.ide.mcu.externaltools.gnu-tools-for-stm32.13.3.rel1.win32_1.0.0.202411081344/tools/bin/../lib/gcc/arm-none-eabi/13.3.1/thumb/v7-m/nofp/crti.o
                0x08007d20                _fini
 .fini          0x08007d24        0x8 C:/ST/STM32CubeIDE_1.18.0/STM32CubeIDE/plugins/com.st.stm32cube.ide.mcu.externaltools.gnu-tools-for-stm32.13.3.rel1.win32_1.0.0.202411081344/tools/bin/../lib/gcc/arm-none-eabi/13.3.1/thumb/v7-m/nofp/crtn.o
                0x08007d2c                        . = ALIGN (0x4)
                0x08007d2c                        _etext = .

.vfp11_veneer   0x08007d2c        0x0
 .vfp11_veneer  0x08007d2c        0x0 linker stubs

.v4_bx          0x08007d2c        0x0
 .v4_bx         0x08007d2c        0x0 linker stubs

.iplt           0x08007d2c        0x0
 .iplt          0x08007d2c        0x0 C:/ST/STM32CubeIDE_1.18.0/STM32CubeIDE/plugins/com.st.stm32cube.ide.mcu.externaltools.gnu-tools-for-stm32.13.3.rel1.win32_1.0.0.202411081344/tools/bin/../lib/gcc/arm-none-eabi/13.3.1/thumb/v7-m/nofp/crtbegin.o

.rodata         0x08007d2c      0x720
                0x08007d2c                        . = ALIGN (0x4)
 *(.rodata)
 .rodata        0x08007d2c       0x28 ./Core/Src/main.o
 .rodata        0x08007d54       0x48 ./Middlewares/Third_Party/FatFs/src/ff.o
 *(.rodata*)
 .rodata.AHBPrescTable
                0x08007d9c       0x10 ./Core/Src/system_stm32f1xx.o
                0x08007d9c                AHBPrescTable
 .rodata.APBPrescTable
                0x08007dac        0x8 ./Core/Src/system_stm32f1xx.o
                0x08007dac                APBPrescTable
 .rodata.aPLLMULFactorTable.1
                0x08007db4       0x10 ./Drivers/STM32F1xx_HAL_Driver/Src/stm32f1xx_hal_rcc.o
 .rodata.aPredivFactorTable.0
                0x08007dc4        0x2 ./Drivers/STM32F1xx_HAL_Driver/Src/stm32f1xx_hal_rcc.o
 *fill*         0x08007dc6        0x2 
 .rodata.ExCvt  0x08007dc8       0x80 ./Middlewares/Third_Party/FatFs/src/ff.o
 .rodata.LfnOfs
                0x08007e48        0xd ./Middlewares/Third_Party/FatFs/src/ff.o
 *fill*         0x08007e55        0x3 
 .rodata.Tbl    0x08007e58      0x100 ./Middlewares/Third_Party/FatFs/src/option/ccsbcs.o
 .rodata.tbl_lower.1
                0x08007f58      0x1e0 ./Middlewares/Third_Party/FatFs/src/option/ccsbcs.o
 .rodata.tbl_upper.0
                0x08008138      0x1e0 ./Middlewares/Third_Party/FatFs/src/option/ccsbcs.o
 .rodata._ctype_
                0x08008318      0x101 C:/ST/STM32CubeIDE_1.18.0/STM32CubeIDE/plugins/com.st.stm32cube.ide.mcu.externaltools.gnu-tools-for-stm32.13.3.rel1.win32_1.0.0.202411081344/tools/bin/../lib/gcc/arm-none-eabi/13.3.1/../../../../arm-none-eabi/lib/thumb/v7-m/nofp\libc_nano.a(libc_a-ctype_.o)
                0x08008318                _ctype_
 .rodata._svfprintf_r.str1.1
                0x08008419       0x33 C:/ST/STM32CubeIDE_1.18.0/STM32CubeIDE/plugins/com.st.stm32cube.ide.mcu.externaltools.gnu-tools-for-stm32.13.3.rel1.win32_1.0.0.202411081344/tools/bin/../lib/gcc/arm-none-eabi/13.3.1/../../../../arm-none-eabi/lib/thumb/v7-m/nofp\libc_nano.a(libc_a-nano-svfprintf.o)
                                 0x11 (size before relaxing)
 .rodata._printf_i.str1.1
                0x0800844c       0x22 C:/ST/STM32CubeIDE_1.18.0/STM32CubeIDE/plugins/com.st.stm32cube.ide.mcu.externaltools.gnu-tools-for-stm32.13.3.rel1.win32_1.0.0.202411081344/tools/bin/../lib/gcc/arm-none-eabi/13.3.1/../../../../arm-none-eabi/lib/thumb/v7-m/nofp\libc_nano.a(libc_a-nano-vfprintf_i.o)
                0x08008470                        . = ALIGN (0x4)

.ARM.extab      0x0800844c        0x0
                0x0800844c                        . = ALIGN (0x4)
 *(.ARM.extab* .gnu.linkonce.armextab.*)
                0x0800844c                        . = ALIGN (0x4)

.ARM            0x0800844c        0x8
                0x0800844c                        . = ALIGN (0x4)
                0x0800844c                        __exidx_start = .
 *(.ARM.exidx*)
 .ARM.exidx     0x0800844c        0x8 C:/ST/STM32CubeIDE_1.18.0/STM32CubeIDE/plugins/com.st.stm32cube.ide.mcu.externaltools.gnu-tools-for-stm32.13.3.rel1.win32_1.0.0.202411081344/tools/bin/../lib/gcc/arm-none-eabi/13.3.1/../../../../arm-none-eabi/lib/thumb/v7-m/nofp\libc_nano.a(libc_a-strlen.o)
                0x08008454                        __exidx_end = .
                0x08008454                        . = ALIGN (0x4)

.rel.dyn        0x08008454        0x0
 .rel.iplt      0x08008454        0x0 C:/ST/STM32CubeIDE_1.18.0/STM32CubeIDE/plugins/com.st.stm32cube.ide.mcu.externaltools.gnu-tools-for-stm32.13.3.rel1.win32_1.0.0.202411081344/tools/bin/../lib/gcc/arm-none-eabi/13.3.1/thumb/v7-m/nofp/crtbegin.o

.preinit_array  0x08008454        0x0
                0x08008454                        . = ALIGN (0x4)
                0x08008454                        PROVIDE (__preinit_array_start = .)
 *(.preinit_array*)
                0x08008454                        PROVIDE (__preinit_array_end = .)
                0x08008454                        . = ALIGN (0x4)

.init_array     0x08008454        0x4
                0x08008454                        . = ALIGN (0x4)
                0x08008454                        PROVIDE (__init_array_start = .)
 *(SORT_BY_NAME(.init_array.*))
 *(.init_array*)
 .init_array    0x08008454        0x4 C:/ST/STM32CubeIDE_1.18.0/STM32CubeIDE/plugins/com.st.stm32cube.ide.mcu.externaltools.gnu-tools-for-stm32.13.3.rel1.win32_1.0.0.202411081344/tools/bin/../lib/gcc/arm-none-eabi/13.3.1/thumb/v7-m/nofp/crtbegin.o
                0x08008458                        PROVIDE (__init_array_end = .)
                0x08008458                        . = ALIGN (0x4)

.fini_array     0x08008458        0x4
                0x08008458                        . = ALIGN (0x4)
                [!provide]                        PROVIDE (__fini_array_start = .)
 *(SORT_BY_NAME(.fini_array.*))
 *(.fini_array*)
 .fini_array    0x08008458        0x4 C:/ST/STM32CubeIDE_1.18.0/STM32CubeIDE/plugins/com.st.stm32cube.ide.mcu.externaltools.gnu-tools-for-stm32.13.3.rel1.win32_1.0.0.202411081344/tools/bin/../lib/gcc/arm-none-eabi/13.3.1/thumb/v7-m/nofp/crtbegin.o
                [!provide]                        PROVIDE (__fini_array_end = .)
                0x0800845c                        . = ALIGN (0x4)
                0x0800845c                        _sidata = LOADADDR (.data)

.data           0x20000000       0x74 load address 0x0800845c
                0x20000000                        . = ALIGN (0x4)
                0x20000000                        _sdata = .
 *(.data)
 *(.data*)
 .data.SystemCoreClock
                0x20000000        0x4 ./Core/Src/system_stm32f1xx.o
                0x20000000                SystemCoreClock
 .data.uwTickPrio
                0x20000004        0x4 ./Drivers/STM32F1xx_HAL_Driver/Src/stm32f1xx_hal.o
                0x20000004                uwTickPrio
 .data.uwTickFreq
                0x20000008        0x1 ./Drivers/STM32F1xx_HAL_Driver/Src/stm32f1xx_hal.o
                0x20000008                uwTickFreq
 *fill*         0x20000009        0x3 
 .data.USER_Driver
                0x2000000c       0x14 ./FATFS/Target/user_diskio.o
                0x2000000c                USER_Driver
 .data.Stat     0x20000020        0x1 ./MIDWARE/FATFS_SD/FATFS_SD.o
 *fill*         0x20000021        0x3 
 .data._impure_ptr
                0x20000024        0x4 C:/ST/STM32CubeIDE_1.18.0/STM32CubeIDE/plugins/com.st.stm32cube.ide.mcu.externaltools.gnu-tools-for-stm32.13.3.rel1.win32_1.0.0.202411081344/tools/bin/../lib/gcc/arm-none-eabi/13.3.1/../../../../arm-none-eabi/lib/thumb/v7-m/nofp\libc_nano.a(libc_a-impure.o)
                0x20000024                _impure_ptr
 .data._impure_data
                0x20000028       0x4c C:/ST/STM32CubeIDE_1.18.0/STM32CubeIDE/plugins/com.st.stm32cube.ide.mcu.externaltools.gnu-tools-for-stm32.13.3.rel1.win32_1.0.0.202411081344/tools/bin/../lib/gcc/arm-none-eabi/13.3.1/../../../../arm-none-eabi/lib/thumb/v7-m/nofp\libc_nano.a(libc_a-impure.o)
                0x20000028                _impure_data
 *(.RamFunc)
 *(.RamFunc*)
                0x20000074                        . = ALIGN (0x4)
                0x20000074                        _edata = .

.igot.plt       0x20000074        0x0 load address 0x080084d0
 .igot.plt      0x20000074        0x0 C:/ST/STM32CubeIDE_1.18.0/STM32CubeIDE/plugins/com.st.stm32cube.ide.mcu.externaltools.gnu-tools-for-stm32.13.3.rel1.win32_1.0.0.202411081344/tools/bin/../lib/gcc/arm-none-eabi/13.3.1/thumb/v7-m/nofp/crtbegin.o
                0x20000074                        . = ALIGN (0x4)

.bss            0x20000074     0x24c0 load address 0x080084d0
                0x20000074                        _sbss = .
                0x20000074                        __bss_start__ = _sbss
 *(.bss)
 .bss           0x20000074       0x1c C:/ST/STM32CubeIDE_1.18.0/STM32CubeIDE/plugins/com.st.stm32cube.ide.mcu.externaltools.gnu-tools-for-stm32.13.3.rel1.win32_1.0.0.202411081344/tools/bin/../lib/gcc/arm-none-eabi/13.3.1/thumb/v7-m/nofp/crtbegin.o
 *(.bss*)
 .bss.hspi2     0x20000090       0x58 ./Core/Src/main.o
                0x20000090                hspi2
 .bss.huart1    0x200000e8       0x48 ./Core/Src/main.o
                0x200000e8                huart1
 .bss.file_number
                0x20000130        0x4 ./Core/Src/main.o
                0x20000130                file_number
 .bss.FatFs     0x20000134     0x1030 ./Core/Src/main.o
                0x20000134                FatFs
 .bss.Fil       0x20001164     0x102c ./Core/Src/main.o
                0x20001164                Fil
 .bss.FR_Status
                0x20002190        0x1 ./Core/Src/main.o
                0x20002190                FR_Status
 *fill*         0x20002191        0x3 
 .bss.FS_Ptr    0x20002194        0x4 ./Core/Src/main.o
                0x20002194                FS_Ptr
 .bss.FreeClusters
                0x20002198        0x4 ./Core/Src/main.o
                0x20002198                FreeClusters
 .bss.FreeSpace
                0x2000219c        0x4 ./Core/Src/main.o
                0x2000219c                FreeSpace
 .bss.pos       0x200021a0        0x4 ./Core/Src/main.o
                0x200021a0                pos
 .bss.data      0x200021a4        0x4 ./Core/Src/main.o
                0x200021a4                data
 .bss.__sbrk_heap_end
                0x200021a8        0x4 ./Core/Src/sysmem.o
 .bss.uwTick    0x200021ac        0x4 ./Drivers/STM32F1xx_HAL_Driver/Src/stm32f1xx_hal.o
                0x200021ac                uwTick
 .bss.retUSER   0x200021b0        0x1 ./FATFS/App/fatfs.o
                0x200021b0                retUSER
 *fill*         0x200021b1        0x3 
 .bss.USERPath  0x200021b4        0x4 ./FATFS/App/fatfs.o
                0x200021b4                USERPath
 .bss.Timer1    0x200021b8        0x2 ./MIDWARE/FATFS_SD/FATFS_SD.o
                0x200021b8                Timer1
 .bss.Timer2    0x200021ba        0x2 ./MIDWARE/FATFS_SD/FATFS_SD.o
                0x200021ba                Timer2
 .bss.CardType  0x200021bc        0x1 ./MIDWARE/FATFS_SD/FATFS_SD.o
 .bss.PowerFlag
                0x200021bd        0x1 ./MIDWARE/FATFS_SD/FATFS_SD.o
 *fill*         0x200021be        0x2 
 .bss.FatFs     0x200021c0        0x4 ./Middlewares/Third_Party/FatFs/src/ff.o
 .bss.Fsid      0x200021c4        0x2 ./Middlewares/Third_Party/FatFs/src/ff.o
 *fill*         0x200021c6        0x2 
 .bss.Files     0x200021c8       0x18 ./Middlewares/Third_Party/FatFs/src/ff.o
 .bss.LfnBuf    0x200021e0      0x200 ./Middlewares/Third_Party/FatFs/src/ff.o
 .bss.disk      0x200023e0        0xc ./Middlewares/Third_Party/FatFs/src/ff_gen_drv.o
                0x200023e0                disk
 .bss.__sf      0x200023ec      0x138 C:/ST/STM32CubeIDE_1.18.0/STM32CubeIDE/plugins/com.st.stm32cube.ide.mcu.externaltools.gnu-tools-for-stm32.13.3.rel1.win32_1.0.0.202411081344/tools/bin/../lib/gcc/arm-none-eabi/13.3.1/../../../../arm-none-eabi/lib/thumb/v7-m/nofp\libc_nano.a(libc_a-findfp.o)
                0x200023ec                __sf
 .bss.errno     0x20002524        0x4 C:/ST/STM32CubeIDE_1.18.0/STM32CubeIDE/plugins/com.st.stm32cube.ide.mcu.externaltools.gnu-tools-for-stm32.13.3.rel1.win32_1.0.0.202411081344/tools/bin/../lib/gcc/arm-none-eabi/13.3.1/../../../../arm-none-eabi/lib/thumb/v7-m/nofp\libc_nano.a(libc_a-reent.o)
                0x20002524                errno
 .bss.__lock___malloc_recursive_mutex
                0x20002528        0x1 C:/ST/STM32CubeIDE_1.18.0/STM32CubeIDE/plugins/com.st.stm32cube.ide.mcu.externaltools.gnu-tools-for-stm32.13.3.rel1.win32_1.0.0.202411081344/tools/bin/../lib/gcc/arm-none-eabi/13.3.1/../../../../arm-none-eabi/lib/thumb/v7-m/nofp\libc_nano.a(libc_a-lock.o)
                0x20002528                __lock___malloc_recursive_mutex
 *fill*         0x20002529        0x3 
 .bss.__malloc_sbrk_start
                0x2000252c        0x4 C:/ST/STM32CubeIDE_1.18.0/STM32CubeIDE/plugins/com.st.stm32cube.ide.mcu.externaltools.gnu-tools-for-stm32.13.3.rel1.win32_1.0.0.202411081344/tools/bin/../lib/gcc/arm-none-eabi/13.3.1/../../../../arm-none-eabi/lib/thumb/v7-m/nofp\libc_nano.a(libc_a-mallocr.o)
                0x2000252c                __malloc_sbrk_start
 .bss.__malloc_free_list
                0x20002530        0x4 C:/ST/STM32CubeIDE_1.18.0/STM32CubeIDE/plugins/com.st.stm32cube.ide.mcu.externaltools.gnu-tools-for-stm32.13.3.rel1.win32_1.0.0.202411081344/tools/bin/../lib/gcc/arm-none-eabi/13.3.1/../../../../arm-none-eabi/lib/thumb/v7-m/nofp\libc_nano.a(libc_a-mallocr.o)
                0x20002530                __malloc_free_list
 *(COMMON)
                0x20002534                        . = ALIGN (0x4)
                0x20002534                        _ebss = .
                0x20002534                        __bss_end__ = _ebss

._user_heap_stack
                0x20002534      0x604 load address 0x080084d0
                0x20002538                        . = ALIGN (0x8)
 *fill*         0x20002534        0x4 
                [!provide]                        PROVIDE (end = .)
                0x20002538                        PROVIDE (_end = .)
                0x20002738                        . = (. + _Min_Heap_Size)
 *fill*         0x20002538      0x200 
                0x20002b38                        . = (. + _Min_Stack_Size)
 *fill*         0x20002738      0x400 
                0x20002b38                        . = ALIGN (0x8)

/DISCARD/
 libc.a(*)
 libm.a(*)
 libgcc.a(*)

.ARM.attributes
                0x00000000       0x29
 *(.ARM.attributes)
 .ARM.attributes
                0x00000000       0x1d C:/ST/STM32CubeIDE_1.18.0/STM32CubeIDE/plugins/com.st.stm32cube.ide.mcu.externaltools.gnu-tools-for-stm32.13.3.rel1.win32_1.0.0.202411081344/tools/bin/../lib/gcc/arm-none-eabi/13.3.1/thumb/v7-m/nofp/crti.o
 .ARM.attributes
                0x0000001d       0x2d C:/ST/STM32CubeIDE_1.18.0/STM32CubeIDE/plugins/com.st.stm32cube.ide.mcu.externaltools.gnu-tools-for-stm32.13.3.rel1.win32_1.0.0.202411081344/tools/bin/../lib/gcc/arm-none-eabi/13.3.1/thumb/v7-m/nofp/crtbegin.o
 .ARM.attributes
                0x0000004a       0x2d ./Core/Src/flash.o
 .ARM.attributes
                0x00000077       0x2d ./Core/Src/main.o
 .ARM.attributes
                0x000000a4       0x2d ./Core/Src/stm32f1xx_hal_msp.o
 .ARM.attributes
                0x000000d1       0x2d ./Core/Src/stm32f1xx_it.o
 .ARM.attributes
                0x000000fe       0x2d ./Core/Src/sysmem.o
 .ARM.attributes
                0x0000012b       0x2d ./Core/Src/system_stm32f1xx.o
 .ARM.attributes
                0x00000158       0x21 ./Core/Startup/startup_stm32f103c8tx.o
 .ARM.attributes
                0x00000179       0x2d ./Drivers/STM32F1xx_HAL_Driver/Src/stm32f1xx_hal.o
 .ARM.attributes
                0x000001a6       0x2d ./Drivers/STM32F1xx_HAL_Driver/Src/stm32f1xx_hal_cortex.o
 .ARM.attributes
                0x000001d3       0x2d ./Drivers/STM32F1xx_HAL_Driver/Src/stm32f1xx_hal_gpio.o
 .ARM.attributes
                0x00000200       0x2d ./Drivers/STM32F1xx_HAL_Driver/Src/stm32f1xx_hal_rcc.o
 .ARM.attributes
                0x0000022d       0x2d ./Drivers/STM32F1xx_HAL_Driver/Src/stm32f1xx_hal_spi.o
 .ARM.attributes
                0x0000025a       0x2d ./Drivers/STM32F1xx_HAL_Driver/Src/stm32f1xx_hal_uart.o
 .ARM.attributes
                0x00000287       0x2d ./FATFS/App/fatfs.o
 .ARM.attributes
                0x000002b4       0x2d ./FATFS/Target/user_diskio.o
 .ARM.attributes
                0x000002e1       0x2d ./MIDWARE/FATFS_SD/FATFS_SD.o
 .ARM.attributes
                0x0000030e       0x2d ./Middlewares/Third_Party/FatFs/src/diskio.o
 .ARM.attributes
                0x0000033b       0x2d ./Middlewares/Third_Party/FatFs/src/ff.o
 .ARM.attributes
                0x00000368       0x2d ./Middlewares/Third_Party/FatFs/src/ff_gen_drv.o
 .ARM.attributes
                0x00000395       0x2d ./Middlewares/Third_Party/FatFs/src/option/ccsbcs.o
 .ARM.attributes
                0x000003c2       0x2d C:/ST/STM32CubeIDE_1.18.0/STM32CubeIDE/plugins/com.st.stm32cube.ide.mcu.externaltools.gnu-tools-for-stm32.13.3.rel1.win32_1.0.0.202411081344/tools/bin/../lib/gcc/arm-none-eabi/13.3.1/../../../../arm-none-eabi/lib/thumb/v7-m/nofp\libc_nano.a(libc_a-atoi.o)
 .ARM.attributes
                0x000003ef       0x2d C:/ST/STM32CubeIDE_1.18.0/STM32CubeIDE/plugins/com.st.stm32cube.ide.mcu.externaltools.gnu-tools-for-stm32.13.3.rel1.win32_1.0.0.202411081344/tools/bin/../lib/gcc/arm-none-eabi/13.3.1/../../../../arm-none-eabi/lib/thumb/v7-m/nofp\libc_nano.a(libc_a-strtol.o)
 .ARM.attributes
                0x0000041c       0x2d C:/ST/STM32CubeIDE_1.18.0/STM32CubeIDE/plugins/com.st.stm32cube.ide.mcu.externaltools.gnu-tools-for-stm32.13.3.rel1.win32_1.0.0.202411081344/tools/bin/../lib/gcc/arm-none-eabi/13.3.1/../../../../arm-none-eabi/lib/thumb/v7-m/nofp\libc_nano.a(libc_a-ctype_.o)
 .ARM.attributes
                0x00000449       0x2d C:/ST/STM32CubeIDE_1.18.0/STM32CubeIDE/plugins/com.st.stm32cube.ide.mcu.externaltools.gnu-tools-for-stm32.13.3.rel1.win32_1.0.0.202411081344/tools/bin/../lib/gcc/arm-none-eabi/13.3.1/../../../../arm-none-eabi/lib/thumb/v7-m/nofp\libc_nano.a(libc_a-findfp.o)
 .ARM.attributes
                0x00000476       0x2d C:/ST/STM32CubeIDE_1.18.0/STM32CubeIDE/plugins/com.st.stm32cube.ide.mcu.externaltools.gnu-tools-for-stm32.13.3.rel1.win32_1.0.0.202411081344/tools/bin/../lib/gcc/arm-none-eabi/13.3.1/../../../../arm-none-eabi/lib/thumb/v7-m/nofp\libc_nano.a(libc_a-sprintf.o)
 .ARM.attributes
                0x000004a3       0x2d C:/ST/STM32CubeIDE_1.18.0/STM32CubeIDE/plugins/com.st.stm32cube.ide.mcu.externaltools.gnu-tools-for-stm32.13.3.rel1.win32_1.0.0.202411081344/tools/bin/../lib/gcc/arm-none-eabi/13.3.1/../../../../arm-none-eabi/lib/thumb/v7-m/nofp\libc_nano.a(libc_a-memset.o)
 .ARM.attributes
                0x000004d0       0x2d C:/ST/STM32CubeIDE_1.18.0/STM32CubeIDE/plugins/com.st.stm32cube.ide.mcu.externaltools.gnu-tools-for-stm32.13.3.rel1.win32_1.0.0.202411081344/tools/bin/../lib/gcc/arm-none-eabi/13.3.1/../../../../arm-none-eabi/lib/thumb/v7-m/nofp\libc_nano.a(libc_a-reent.o)
 .ARM.attributes
                0x000004fd       0x2d C:/ST/STM32CubeIDE_1.18.0/STM32CubeIDE/plugins/com.st.stm32cube.ide.mcu.externaltools.gnu-tools-for-stm32.13.3.rel1.win32_1.0.0.202411081344/tools/bin/../lib/gcc/arm-none-eabi/13.3.1/../../../../arm-none-eabi/lib/thumb/v7-m/nofp\libc_nano.a(libc_a-impure.o)
 .ARM.attributes
                0x0000052a       0x2d C:/ST/STM32CubeIDE_1.18.0/STM32CubeIDE/plugins/com.st.stm32cube.ide.mcu.externaltools.gnu-tools-for-stm32.13.3.rel1.win32_1.0.0.202411081344/tools/bin/../lib/gcc/arm-none-eabi/13.3.1/../../../../arm-none-eabi/lib/thumb/v7-m/nofp\libc_nano.a(libc_a-errno.o)
 .ARM.attributes
                0x00000557       0x2d C:/ST/STM32CubeIDE_1.18.0/STM32CubeIDE/plugins/com.st.stm32cube.ide.mcu.externaltools.gnu-tools-for-stm32.13.3.rel1.win32_1.0.0.202411081344/tools/bin/../lib/gcc/arm-none-eabi/13.3.1/../../../../arm-none-eabi/lib/thumb/v7-m/nofp\libc_nano.a(libc_a-init.o)
 .ARM.attributes
                0x00000584       0x2d C:/ST/STM32CubeIDE_1.18.0/STM32CubeIDE/plugins/com.st.stm32cube.ide.mcu.externaltools.gnu-tools-for-stm32.13.3.rel1.win32_1.0.0.202411081344/tools/bin/../lib/gcc/arm-none-eabi/13.3.1/../../../../arm-none-eabi/lib/thumb/v7-m/nofp\libc_nano.a(libc_a-lock.o)
 .ARM.attributes
                0x000005b1       0x17 C:/ST/STM32CubeIDE_1.18.0/STM32CubeIDE/plugins/com.st.stm32cube.ide.mcu.externaltools.gnu-tools-for-stm32.13.3.rel1.win32_1.0.0.202411081344/tools/bin/../lib/gcc/arm-none-eabi/13.3.1/../../../../arm-none-eabi/lib/thumb/v7-m/nofp\libc_nano.a(libc_a-strlen.o)
 .ARM.attributes
                0x000005c8       0x2d C:/ST/STM32CubeIDE_1.18.0/STM32CubeIDE/plugins/com.st.stm32cube.ide.mcu.externaltools.gnu-tools-for-stm32.13.3.rel1.win32_1.0.0.202411081344/tools/bin/../lib/gcc/arm-none-eabi/13.3.1/../../../../arm-none-eabi/lib/thumb/v7-m/nofp\libc_nano.a(libc_a-freer.o)
 .ARM.attributes
                0x000005f5       0x2d C:/ST/STM32CubeIDE_1.18.0/STM32CubeIDE/plugins/com.st.stm32cube.ide.mcu.externaltools.gnu-tools-for-stm32.13.3.rel1.win32_1.0.0.202411081344/tools/bin/../lib/gcc/arm-none-eabi/13.3.1/../../../../arm-none-eabi/lib/thumb/v7-m/nofp\libc_nano.a(libc_a-mallocr.o)
 .ARM.attributes
                0x00000622       0x2d C:/ST/STM32CubeIDE_1.18.0/STM32CubeIDE/plugins/com.st.stm32cube.ide.mcu.externaltools.gnu-tools-for-stm32.13.3.rel1.win32_1.0.0.202411081344/tools/bin/../lib/gcc/arm-none-eabi/13.3.1/../../../../arm-none-eabi/lib/thumb/v7-m/nofp\libc_nano.a(libc_a-mlock.o)
 .ARM.attributes
                0x0000064f       0x2d C:/ST/STM32CubeIDE_1.18.0/STM32CubeIDE/plugins/com.st.stm32cube.ide.mcu.externaltools.gnu-tools-for-stm32.13.3.rel1.win32_1.0.0.202411081344/tools/bin/../lib/gcc/arm-none-eabi/13.3.1/../../../../arm-none-eabi/lib/thumb/v7-m/nofp\libc_nano.a(libc_a-nano-svfprintf.o)
 .ARM.attributes
                0x0000067c       0x2d C:/ST/STM32CubeIDE_1.18.0/STM32CubeIDE/plugins/com.st.stm32cube.ide.mcu.externaltools.gnu-tools-for-stm32.13.3.rel1.win32_1.0.0.202411081344/tools/bin/../lib/gcc/arm-none-eabi/13.3.1/../../../../arm-none-eabi/lib/thumb/v7-m/nofp\libc_nano.a(libc_a-nano-vfprintf_i.o)
 .ARM.attributes
                0x000006a9       0x2d C:/ST/STM32CubeIDE_1.18.0/STM32CubeIDE/plugins/com.st.stm32cube.ide.mcu.externaltools.gnu-tools-for-stm32.13.3.rel1.win32_1.0.0.202411081344/tools/bin/../lib/gcc/arm-none-eabi/13.3.1/../../../../arm-none-eabi/lib/thumb/v7-m/nofp\libc_nano.a(libc_a-memmove.o)
 .ARM.attributes
                0x000006d6       0x2d C:/ST/STM32CubeIDE_1.18.0/STM32CubeIDE/plugins/com.st.stm32cube.ide.mcu.externaltools.gnu-tools-for-stm32.13.3.rel1.win32_1.0.0.202411081344/tools/bin/../lib/gcc/arm-none-eabi/13.3.1/../../../../arm-none-eabi/lib/thumb/v7-m/nofp\libc_nano.a(libc_a-sbrkr.o)
 .ARM.attributes
                0x00000703       0x2d C:/ST/STM32CubeIDE_1.18.0/STM32CubeIDE/plugins/com.st.stm32cube.ide.mcu.externaltools.gnu-tools-for-stm32.13.3.rel1.win32_1.0.0.202411081344/tools/bin/../lib/gcc/arm-none-eabi/13.3.1/../../../../arm-none-eabi/lib/thumb/v7-m/nofp\libc_nano.a(libc_a-memchr-stub.o)
 .ARM.attributes
                0x00000730       0x2d C:/ST/STM32CubeIDE_1.18.0/STM32CubeIDE/plugins/com.st.stm32cube.ide.mcu.externaltools.gnu-tools-for-stm32.13.3.rel1.win32_1.0.0.202411081344/tools/bin/../lib/gcc/arm-none-eabi/13.3.1/../../../../arm-none-eabi/lib/thumb/v7-m/nofp\libc_nano.a(libc_a-memcpy-stub.o)
 .ARM.attributes
                0x0000075d       0x2d C:/ST/STM32CubeIDE_1.18.0/STM32CubeIDE/plugins/com.st.stm32cube.ide.mcu.externaltools.gnu-tools-for-stm32.13.3.rel1.win32_1.0.0.202411081344/tools/bin/../lib/gcc/arm-none-eabi/13.3.1/../../../../arm-none-eabi/lib/thumb/v7-m/nofp\libc_nano.a(libc_a-reallocr.o)
 .ARM.attributes
                0x0000078a       0x2d C:/ST/STM32CubeIDE_1.18.0/STM32CubeIDE/plugins/com.st.stm32cube.ide.mcu.externaltools.gnu-tools-for-stm32.13.3.rel1.win32_1.0.0.202411081344/tools/bin/../lib/gcc/arm-none-eabi/13.3.1/../../../../arm-none-eabi/lib/thumb/v7-m/nofp\libc_nano.a(libc_a-msizer.o)
 .ARM.attributes
                0x000007b7       0x1d C:/ST/STM32CubeIDE_1.18.0/STM32CubeIDE/plugins/com.st.stm32cube.ide.mcu.externaltools.gnu-tools-for-stm32.13.3.rel1.win32_1.0.0.202411081344/tools/bin/../lib/gcc/arm-none-eabi/13.3.1/thumb/v7-m/nofp\libgcc.a(_arm_muldf3.o)
 .ARM.attributes
                0x000007d4       0x1d C:/ST/STM32CubeIDE_1.18.0/STM32CubeIDE/plugins/com.st.stm32cube.ide.mcu.externaltools.gnu-tools-for-stm32.13.3.rel1.win32_1.0.0.202411081344/tools/bin/../lib/gcc/arm-none-eabi/13.3.1/thumb/v7-m/nofp\libgcc.a(_arm_addsubdf3.o)
 .ARM.attributes
                0x000007f1       0x1d C:/ST/STM32CubeIDE_1.18.0/STM32CubeIDE/plugins/com.st.stm32cube.ide.mcu.externaltools.gnu-tools-for-stm32.13.3.rel1.win32_1.0.0.202411081344/tools/bin/../lib/gcc/arm-none-eabi/13.3.1/thumb/v7-m/nofp\libgcc.a(_arm_fixunsdfsi.o)
 .ARM.attributes
                0x0000080e       0x1d C:/ST/STM32CubeIDE_1.18.0/STM32CubeIDE/plugins/com.st.stm32cube.ide.mcu.externaltools.gnu-tools-for-stm32.13.3.rel1.win32_1.0.0.202411081344/tools/bin/../lib/gcc/arm-none-eabi/13.3.1/thumb/v7-m/nofp/crtn.o
OUTPUT(STM32F103_SDCard_SPI.elf elf32-littlearm)
LOAD linker stubs
LOAD C:/ST/STM32CubeIDE_1.18.0/STM32CubeIDE/plugins/com.st.stm32cube.ide.mcu.externaltools.gnu-tools-for-stm32.13.3.rel1.win32_1.0.0.202411081344/tools/bin/../lib/gcc/arm-none-eabi/13.3.1/../../../../arm-none-eabi/lib/thumb/v7-m/nofp\libc.a
LOAD C:/ST/STM32CubeIDE_1.18.0/STM32CubeIDE/plugins/com.st.stm32cube.ide.mcu.externaltools.gnu-tools-for-stm32.13.3.rel1.win32_1.0.0.202411081344/tools/bin/../lib/gcc/arm-none-eabi/13.3.1/../../../../arm-none-eabi/lib/thumb/v7-m/nofp\libm.a
LOAD C:/ST/STM32CubeIDE_1.18.0/STM32CubeIDE/plugins/com.st.stm32cube.ide.mcu.externaltools.gnu-tools-for-stm32.13.3.rel1.win32_1.0.0.202411081344/tools/bin/../lib/gcc/arm-none-eabi/13.3.1/thumb/v7-m/nofp\libgcc.a

.debug_info     0x00000000     0xc92b
 .debug_info    0x00000000      0x221 ./Core/Src/flash.o
 .debug_info    0x00000221     0x11b6 ./Core/Src/main.o
 .debug_info    0x000013d7      0xae0 ./Core/Src/stm32f1xx_hal_msp.o
 .debug_info    0x00001eb7      0x13f ./Core/Src/stm32f1xx_it.o
 .debug_info    0x00001ff6      0x168 ./Core/Src/sysmem.o
 .debug_info    0x0000215e      0x222 ./Core/Src/system_stm32f1xx.o
 .debug_info    0x00002380       0x30 ./Core/Startup/startup_stm32f103c8tx.o
 .debug_info    0x000023b0      0x704 ./Drivers/STM32F1xx_HAL_Driver/Src/stm32f1xx_hal.o
 .debug_info    0x00002ab4      0xa87 ./Drivers/STM32F1xx_HAL_Driver/Src/stm32f1xx_hal_cortex.o
 .debug_info    0x0000353b      0x5ab ./Drivers/STM32F1xx_HAL_Driver/Src/stm32f1xx_hal_gpio.o
 .debug_info    0x00003ae6      0x7d5 ./Drivers/STM32F1xx_HAL_Driver/Src/stm32f1xx_hal_rcc.o
 .debug_info    0x000042bb     0x1503 ./Drivers/STM32F1xx_HAL_Driver/Src/stm32f1xx_hal_spi.o
 .debug_info    0x000057be     0x2fa8 ./Drivers/STM32F1xx_HAL_Driver/Src/stm32f1xx_hal_uart.o
 .debug_info    0x00008766      0x4dd ./FATFS/App/fatfs.o
 .debug_info    0x00008c43      0x3a5 ./FATFS/Target/user_diskio.o
 .debug_info    0x00008fe8      0xb9f ./MIDWARE/FATFS_SD/FATFS_SD.o
 .debug_info    0x00009b87      0x3da ./Middlewares/Third_Party/FatFs/src/diskio.o
 .debug_info    0x00009f61     0x24dd ./Middlewares/Third_Party/FatFs/src/ff.o
 .debug_info    0x0000c43e      0x37a ./Middlewares/Third_Party/FatFs/src/ff_gen_drv.o
 .debug_info    0x0000c7b8      0x173 ./Middlewares/Third_Party/FatFs/src/option/ccsbcs.o

.debug_abbrev   0x00000000     0x2418
 .debug_abbrev  0x00000000      0x10d ./Core/Src/flash.o
 .debug_abbrev  0x0000010d      0x303 ./Core/Src/main.o
 .debug_abbrev  0x00000410      0x1ac ./Core/Src/stm32f1xx_hal_msp.o
 .debug_abbrev  0x000005bc       0x97 ./Core/Src/stm32f1xx_it.o
 .debug_abbrev  0x00000653       0xbc ./Core/Src/sysmem.o
 .debug_abbrev  0x0000070f      0x13f ./Core/Src/system_stm32f1xx.o
 .debug_abbrev  0x0000084e       0x24 ./Core/Startup/startup_stm32f103c8tx.o
 .debug_abbrev  0x00000872      0x201 ./Drivers/STM32F1xx_HAL_Driver/Src/stm32f1xx_hal.o
 .debug_abbrev  0x00000a73      0x2f8 ./Drivers/STM32F1xx_HAL_Driver/Src/stm32f1xx_hal_cortex.o
 .debug_abbrev  0x00000d6b      0x1ca ./Drivers/STM32F1xx_HAL_Driver/Src/stm32f1xx_hal_gpio.o
 .debug_abbrev  0x00000f35      0x2b3 ./Drivers/STM32F1xx_HAL_Driver/Src/stm32f1xx_hal_rcc.o
 .debug_abbrev  0x000011e8      0x284 ./Drivers/STM32F1xx_HAL_Driver/Src/stm32f1xx_hal_spi.o
 .debug_abbrev  0x0000146c      0x2f8 ./Drivers/STM32F1xx_HAL_Driver/Src/stm32f1xx_hal_uart.o
 .debug_abbrev  0x00001764      0x1a8 ./FATFS/App/fatfs.o
 .debug_abbrev  0x0000190c      0x144 ./FATFS/Target/user_diskio.o
 .debug_abbrev  0x00001a50      0x2ed ./MIDWARE/FATFS_SD/FATFS_SD.o
 .debug_abbrev  0x00001d3d      0x181 ./Middlewares/Third_Party/FatFs/src/diskio.o
 .debug_abbrev  0x00001ebe      0x2e6 ./Middlewares/Third_Party/FatFs/src/ff.o
 .debug_abbrev  0x000021a4      0x19f ./Middlewares/Third_Party/FatFs/src/ff_gen_drv.o
 .debug_abbrev  0x00002343       0xd5 ./Middlewares/Third_Party/FatFs/src/option/ccsbcs.o

.debug_aranges  0x00000000      0xc10
 .debug_aranges
                0x00000000       0x48 ./Core/Src/flash.o
 .debug_aranges
                0x00000048       0x48 ./Core/Src/main.o
 .debug_aranges
                0x00000090       0x40 ./Core/Src/stm32f1xx_hal_msp.o
 .debug_aranges
                0x000000d0       0x60 ./Core/Src/stm32f1xx_it.o
 .debug_aranges
                0x00000130       0x20 ./Core/Src/sysmem.o
 .debug_aranges
                0x00000150       0x28 ./Core/Src/system_stm32f1xx.o
 .debug_aranges
                0x00000178       0x28 ./Core/Startup/startup_stm32f103c8tx.o
 .debug_aranges
                0x000001a0       0xe0 ./Drivers/STM32F1xx_HAL_Driver/Src/stm32f1xx_hal.o
 .debug_aranges
                0x00000280      0x100 ./Drivers/STM32F1xx_HAL_Driver/Src/stm32f1xx_hal_cortex.o
 .debug_aranges
                0x00000380       0x58 ./Drivers/STM32F1xx_HAL_Driver/Src/stm32f1xx_hal_gpio.o
 .debug_aranges
                0x000003d8       0x90 ./Drivers/STM32F1xx_HAL_Driver/Src/stm32f1xx_hal_rcc.o
 .debug_aranges
                0x00000468      0x1d0 ./Drivers/STM32F1xx_HAL_Driver/Src/stm32f1xx_hal_spi.o
 .debug_aranges
                0x00000638      0x208 ./Drivers/STM32F1xx_HAL_Driver/Src/stm32f1xx_hal_uart.o
 .debug_aranges
                0x00000840       0x28 ./FATFS/App/fatfs.o
 .debug_aranges
                0x00000868       0x40 ./FATFS/Target/user_diskio.o
 .debug_aranges
                0x000008a8       0xa8 ./MIDWARE/FATFS_SD/FATFS_SD.o
 .debug_aranges
                0x00000950       0x48 ./Middlewares/Third_Party/FatFs/src/diskio.o
 .debug_aranges
                0x00000998      0x210 ./Middlewares/Third_Party/FatFs/src/ff.o
 .debug_aranges
                0x00000ba8       0x40 ./Middlewares/Third_Party/FatFs/src/ff_gen_drv.o
 .debug_aranges
                0x00000be8       0x28 ./Middlewares/Third_Party/FatFs/src/option/ccsbcs.o

.debug_rnglists
                0x00000000      0x95a
 .debug_rnglists
                0x00000000       0x33 ./Core/Src/flash.o
 .debug_rnglists
                0x00000033       0x50 ./Core/Src/main.o
 .debug_rnglists
                0x00000083       0x2d ./Core/Src/stm32f1xx_hal_msp.o
 .debug_rnglists
                0x000000b0       0x43 ./Core/Src/stm32f1xx_it.o
 .debug_rnglists
                0x000000f3       0x13 ./Core/Src/sysmem.o
 .debug_rnglists
                0x00000106       0x1a ./Core/Src/system_stm32f1xx.o
 .debug_rnglists
                0x00000120       0x19 ./Core/Startup/startup_stm32f103c8tx.o
 .debug_rnglists
                0x00000139       0xa3 ./Drivers/STM32F1xx_HAL_Driver/Src/stm32f1xx_hal.o
 .debug_rnglists
                0x000001dc       0xbb ./Drivers/STM32F1xx_HAL_Driver/Src/stm32f1xx_hal_cortex.o
 .debug_rnglists
                0x00000297       0x3f ./Drivers/STM32F1xx_HAL_Driver/Src/stm32f1xx_hal_gpio.o
 .debug_rnglists
                0x000002d6       0x6c ./Drivers/STM32F1xx_HAL_Driver/Src/stm32f1xx_hal_rcc.o
 .debug_rnglists
                0x00000342      0x16e ./Drivers/STM32F1xx_HAL_Driver/Src/stm32f1xx_hal_spi.o
 .debug_rnglists
                0x000004b0      0x1bc ./Drivers/STM32F1xx_HAL_Driver/Src/stm32f1xx_hal_uart.o
 .debug_rnglists
                0x0000066c       0x19 ./FATFS/App/fatfs.o
 .debug_rnglists
                0x00000685       0x2b ./FATFS/Target/user_diskio.o
 .debug_rnglists
                0x000006b0       0x80 ./MIDWARE/FATFS_SD/FATFS_SD.o
 .debug_rnglists
                0x00000730       0x31 ./Middlewares/Third_Party/FatFs/src/diskio.o
 .debug_rnglists
                0x00000761      0x1b4 ./Middlewares/Third_Party/FatFs/src/ff.o
 .debug_rnglists
                0x00000915       0x2c ./Middlewares/Third_Party/FatFs/src/ff_gen_drv.o
 .debug_rnglists
                0x00000941       0x19 ./Middlewares/Third_Party/FatFs/src/option/ccsbcs.o

.debug_macro    0x00000000    0x18b7b
 .debug_macro   0x00000000      0x149 ./Core/Src/flash.o
 .debug_macro   0x00000149      0xacc ./Core/Src/flash.o
 .debug_macro   0x00000c15       0x22 ./Core/Src/flash.o
 .debug_macro   0x00000c37       0x8e ./Core/Src/flash.o
 .debug_macro   0x00000cc5       0x51 ./Core/Src/flash.o
 .debug_macro   0x00000d16      0x103 ./Core/Src/flash.o
 .debug_macro   0x00000e19       0x6a ./Core/Src/flash.o
 .debug_macro   0x00000e83      0x1df ./Core/Src/flash.o
 .debug_macro   0x00001062       0x61 ./Core/Src/flash.o
 .debug_macro   0x000010c3       0x24 ./Core/Src/flash.o
 .debug_macro   0x000010e7       0x43 ./Core/Src/flash.o
 .debug_macro   0x0000112a       0x34 ./Core/Src/flash.o
 .debug_macro   0x0000115e      0x190 ./Core/Src/flash.o
 .debug_macro   0x000012ee      0x370 ./Core/Src/flash.o
 .debug_macro   0x0000165e       0x16 ./Core/Src/flash.o
 .debug_macro   0x00001674       0x4a ./Core/Src/flash.o
 .debug_macro   0x000016be       0x34 ./Core/Src/flash.o
 .debug_macro   0x000016f2       0x10 ./Core/Src/flash.o
 .debug_macro   0x00001702       0x58 ./Core/Src/flash.o
 .debug_macro   0x0000175a       0x8e ./Core/Src/flash.o
 .debug_macro   0x000017e8       0x1c ./Core/Src/flash.o
 .debug_macro   0x00001804      0x185 ./Core/Src/flash.o
 .debug_macro   0x00001989       0x10 ./Core/Src/flash.o
 .debug_macro   0x00001999       0x3c ./Core/Src/flash.o
 .debug_macro   0x000019d5       0x20 ./Core/Src/flash.o
 .debug_macro   0x000019f5      0x407 ./Core/Src/flash.o
 .debug_macro   0x00001dfc      0x347 ./Core/Src/main.o
 .debug_macro   0x00002143      0x21b ./Core/Src/main.o
 .debug_macro   0x0000235e       0x2e ./Core/Src/main.o
 .debug_macro   0x0000238c       0x22 ./Core/Src/main.o
 .debug_macro   0x000023ae       0x1c ./Core/Src/main.o
 .debug_macro   0x000023ca       0x22 ./Core/Src/main.o
 .debug_macro   0x000023ec       0xbd ./Core/Src/main.o
 .debug_macro   0x000024a9      0xd23 ./Core/Src/main.o
 .debug_macro   0x000031cc     0xe09e ./Core/Src/main.o
 .debug_macro   0x0001126a       0x6d ./Core/Src/main.o
 .debug_macro   0x000112d7     0x348d ./Core/Src/main.o
 .debug_macro   0x00014764       0x5c ./Core/Src/main.o
 .debug_macro   0x000147c0      0x5bc ./Core/Src/main.o
 .debug_macro   0x00014d7c      0x289 ./Core/Src/main.o
 .debug_macro   0x00015005      0x1cb ./Core/Src/main.o
 .debug_macro   0x000151d0      0x114 ./Core/Src/main.o
 .debug_macro   0x000152e4      0x1b2 ./Core/Src/main.o
 .debug_macro   0x00015496       0x27 ./Core/Src/main.o
 .debug_macro   0x000154bd      0x136 ./Core/Src/main.o
 .debug_macro   0x000155f3      0x1bc ./Core/Src/main.o
 .debug_macro   0x000157af       0x34 ./Core/Src/main.o
 .debug_macro   0x000157e3       0x3c ./Core/Src/main.o
 .debug_macro   0x0001581f       0x57 ./Core/Src/main.o
 .debug_macro   0x00015876       0x87 ./Core/Src/main.o
 .debug_macro   0x000158fd      0x240 ./Core/Src/main.o
 .debug_macro   0x00015b3d      0x140 ./Core/Src/main.o
 .debug_macro   0x00015c7d      0x217 ./Core/Src/main.o
 .debug_macro   0x00015e94      0x28e ./Core/Src/main.o
 .debug_macro   0x00016122       0x83 ./Core/Src/main.o
 .debug_macro   0x000161a5       0xde ./Core/Src/main.o
 .debug_macro   0x00016283       0xf5 ./Core/Src/main.o
 .debug_macro   0x00016378       0x8e ./Core/Src/main.o
 .debug_macro   0x00016406       0x22 ./Core/Src/main.o
 .debug_macro   0x00016428       0x1c ./Core/Src/main.o
 .debug_macro   0x00016444       0x10 ./Core/Src/main.o
 .debug_macro   0x00016454       0x1c ./Core/Src/main.o
 .debug_macro   0x00016470       0x16 ./Core/Src/main.o
 .debug_macro   0x00016486      0x146 ./Core/Src/main.o
 .debug_macro   0x000165cc       0x16 ./Core/Src/main.o
 .debug_macro   0x000165e2       0x16 ./Core/Src/main.o
 .debug_macro   0x000165f8       0x29 ./Core/Src/main.o
 .debug_macro   0x00016621      0x1a2 ./Core/Src/stm32f1xx_hal_msp.o
 .debug_macro   0x000167c3      0x1ac ./Core/Src/stm32f1xx_it.o
 .debug_macro   0x0001696f      0x112 ./Core/Src/sysmem.o
 .debug_macro   0x00016a81      0x23c ./Core/Src/sysmem.o
 .debug_macro   0x00016cbd      0x198 ./Core/Src/system_stm32f1xx.o
 .debug_macro   0x00016e55      0x1bc ./Drivers/STM32F1xx_HAL_Driver/Src/stm32f1xx_hal.o
 .debug_macro   0x00017011      0x198 ./Drivers/STM32F1xx_HAL_Driver/Src/stm32f1xx_hal_cortex.o
 .debug_macro   0x000171a9      0x203 ./Drivers/STM32F1xx_HAL_Driver/Src/stm32f1xx_hal_gpio.o
 .debug_macro   0x000173ac      0x1aa ./Drivers/STM32F1xx_HAL_Driver/Src/stm32f1xx_hal_rcc.o
 .debug_macro   0x00017556      0x1a0 ./Drivers/STM32F1xx_HAL_Driver/Src/stm32f1xx_hal_spi.o
 .debug_macro   0x000176f6      0x199 ./Drivers/STM32F1xx_HAL_Driver/Src/stm32f1xx_hal_uart.o
 .debug_macro   0x0001788f      0x1f5 ./FATFS/App/fatfs.o
 .debug_macro   0x00017a84       0xd8 ./FATFS/App/fatfs.o
 .debug_macro   0x00017b5c      0x2b3 ./FATFS/Target/user_diskio.o
 .debug_macro   0x00017e0f       0x16 ./FATFS/Target/user_diskio.o
 .debug_macro   0x00017e25       0x7c ./FATFS/Target/user_diskio.o
 .debug_macro   0x00017ea1       0x56 ./FATFS/Target/user_diskio.o
 .debug_macro   0x00017ef7       0x9a ./FATFS/Target/user_diskio.o
 .debug_macro   0x00017f91      0x1d5 ./MIDWARE/FATFS_SD/FATFS_SD.o
 .debug_macro   0x00018166      0x1e2 ./Middlewares/Third_Party/FatFs/src/diskio.o
 .debug_macro   0x00018348      0x429 ./Middlewares/Third_Party/FatFs/src/ff.o
 .debug_macro   0x00018771       0x58 ./Middlewares/Third_Party/FatFs/src/ff.o
 .debug_macro   0x000187c9      0x1e2 ./Middlewares/Third_Party/FatFs/src/ff_gen_drv.o
 .debug_macro   0x000189ab      0x1d0 ./Middlewares/Third_Party/FatFs/src/option/ccsbcs.o

.debug_line     0x00000000    0x10c7b
 .debug_line    0x00000000      0x73a ./Core/Src/flash.o
 .debug_line    0x0000073a      0xb11 ./Core/Src/main.o
 .debug_line    0x0000124b      0x789 ./Core/Src/stm32f1xx_hal_msp.o
 .debug_line    0x000019d4      0x7a3 ./Core/Src/stm32f1xx_it.o
 .debug_line    0x00002177      0x588 ./Core/Src/sysmem.o
 .debug_line    0x000026ff      0x761 ./Core/Src/system_stm32f1xx.o
 .debug_line    0x00002e60       0x78 ./Core/Startup/startup_stm32f103c8tx.o
 .debug_line    0x00002ed8      0x992 ./Drivers/STM32F1xx_HAL_Driver/Src/stm32f1xx_hal.o
 .debug_line    0x0000386a      0xb5c ./Drivers/STM32F1xx_HAL_Driver/Src/stm32f1xx_hal_cortex.o
 .debug_line    0x000043c6      0x9ef ./Drivers/STM32F1xx_HAL_Driver/Src/stm32f1xx_hal_gpio.o
 .debug_line    0x00004db5      0xe4b ./Drivers/STM32F1xx_HAL_Driver/Src/stm32f1xx_hal_rcc.o
 .debug_line    0x00005c00     0x1c87 ./Drivers/STM32F1xx_HAL_Driver/Src/stm32f1xx_hal_spi.o
 .debug_line    0x00007887     0x24f0 ./Drivers/STM32F1xx_HAL_Driver/Src/stm32f1xx_hal_uart.o
 .debug_line    0x00009d77      0x782 ./FATFS/App/fatfs.o
 .debug_line    0x0000a4f9      0x938 ./FATFS/Target/user_diskio.o
 .debug_line    0x0000ae31      0xe3a ./MIDWARE/FATFS_SD/FATFS_SD.o
 .debug_line    0x0000bc6b      0x7ef ./Middlewares/Third_Party/FatFs/src/diskio.o
 .debug_line    0x0000c45a     0x3829 ./Middlewares/Third_Party/FatFs/src/ff.o
 .debug_line    0x0000fc83      0x80c ./Middlewares/Third_Party/FatFs/src/ff_gen_drv.o
 .debug_line    0x0001048f      0x7ec ./Middlewares/Third_Party/FatFs/src/option/ccsbcs.o

.debug_str      0x00000000    0x87011
 .debug_str     0x00000000    0x87011 ./Core/Src/flash.o
                               0x8b7c (size before relaxing)
 .debug_str     0x00087011    0x84167 ./Core/Src/main.o
 .debug_str     0x00087011    0x7e407 ./Core/Src/stm32f1xx_hal_msp.o
 .debug_str     0x00087011    0x7de0e ./Core/Src/stm32f1xx_it.o
 .debug_str     0x00087011     0x772f ./Core/Src/sysmem.o
 .debug_str     0x00087011    0x7de02 ./Core/Src/system_stm32f1xx.o
 .debug_str     0x00087011       0x89 ./Core/Startup/startup_stm32f103c8tx.o
 .debug_str     0x00087011    0x7e535 ./Drivers/STM32F1xx_HAL_Driver/Src/stm32f1xx_hal.o
 .debug_str     0x00087011    0x7e481 ./Drivers/STM32F1xx_HAL_Driver/Src/stm32f1xx_hal_cortex.o
 .debug_str     0x00087011    0x7e188 ./Drivers/STM32F1xx_HAL_Driver/Src/stm32f1xx_hal_gpio.o
 .debug_str     0x00087011    0x7e231 ./Drivers/STM32F1xx_HAL_Driver/Src/stm32f1xx_hal_rcc.o
 .debug_str     0x00087011    0x7e72e ./Drivers/STM32F1xx_HAL_Driver/Src/stm32f1xx_hal_spi.o
 .debug_str     0x00087011    0x7e8a2 ./Drivers/STM32F1xx_HAL_Driver/Src/stm32f1xx_hal_uart.o
 .debug_str     0x00087011    0x7e695 ./FATFS/App/fatfs.o
 .debug_str     0x00087011    0x8195d ./FATFS/Target/user_diskio.o
 .debug_str     0x00087011    0x7e68d ./MIDWARE/FATFS_SD/FATFS_SD.o
 .debug_str     0x00087011    0x7e5bb ./Middlewares/Third_Party/FatFs/src/diskio.o
 .debug_str     0x00087011    0x7f479 ./Middlewares/Third_Party/FatFs/src/ff.o
 .debug_str     0x00087011    0x7e60c ./Middlewares/Third_Party/FatFs/src/ff_gen_drv.o
 .debug_str     0x00087011    0x7e39a ./Middlewares/Third_Party/FatFs/src/option/ccsbcs.o

.comment        0x00000000       0x43
 .comment       0x00000000       0x43 ./Core/Src/flash.o
                                 0x44 (size before relaxing)
 .comment       0x00000043       0x44 ./Core/Src/main.o
 .comment       0x00000043       0x44 ./Core/Src/stm32f1xx_hal_msp.o
 .comment       0x00000043       0x44 ./Core/Src/stm32f1xx_it.o
 .comment       0x00000043       0x44 ./Core/Src/sysmem.o
 .comment       0x00000043       0x44 ./Core/Src/system_stm32f1xx.o
 .comment       0x00000043       0x44 ./Drivers/STM32F1xx_HAL_Driver/Src/stm32f1xx_hal.o
 .comment       0x00000043       0x44 ./Drivers/STM32F1xx_HAL_Driver/Src/stm32f1xx_hal_cortex.o
 .comment       0x00000043       0x44 ./Drivers/STM32F1xx_HAL_Driver/Src/stm32f1xx_hal_gpio.o
 .comment       0x00000043       0x44 ./Drivers/STM32F1xx_HAL_Driver/Src/stm32f1xx_hal_rcc.o
 .comment       0x00000043       0x44 ./Drivers/STM32F1xx_HAL_Driver/Src/stm32f1xx_hal_spi.o
 .comment       0x00000043       0x44 ./Drivers/STM32F1xx_HAL_Driver/Src/stm32f1xx_hal_uart.o
 .comment       0x00000043       0x44 ./FATFS/App/fatfs.o
 .comment       0x00000043       0x44 ./FATFS/Target/user_diskio.o
 .comment       0x00000043       0x44 ./MIDWARE/FATFS_SD/FATFS_SD.o
 .comment       0x00000043       0x44 ./Middlewares/Third_Party/FatFs/src/diskio.o
 .comment       0x00000043       0x44 ./Middlewares/Third_Party/FatFs/src/ff.o
 .comment       0x00000043       0x44 ./Middlewares/Third_Party/FatFs/src/ff_gen_drv.o
 .comment       0x00000043       0x44 ./Middlewares/Third_Party/FatFs/src/option/ccsbcs.o

.debug_frame    0x00000000     0x36dc
 .debug_frame   0x00000000       0xec ./Core/Src/flash.o
 .debug_frame   0x000000ec       0xcc ./Core/Src/main.o
 .debug_frame   0x000001b8       0xc8 ./Core/Src/stm32f1xx_hal_msp.o
 .debug_frame   0x00000280      0x104 ./Core/Src/stm32f1xx_it.o
 .debug_frame   0x00000384       0x34 ./Core/Src/sysmem.o
 .debug_frame   0x000003b8       0x58 ./Core/Src/system_stm32f1xx.o
 .debug_frame   0x00000410      0x334 ./Drivers/STM32F1xx_HAL_Driver/Src/stm32f1xx_hal.o
 .debug_frame   0x00000744      0x428 ./Drivers/STM32F1xx_HAL_Driver/Src/stm32f1xx_hal_cortex.o
 .debug_frame   0x00000b6c      0x14c ./Drivers/STM32F1xx_HAL_Driver/Src/stm32f1xx_hal_gpio.o
 .debug_frame   0x00000cb8      0x218 ./Drivers/STM32F1xx_HAL_Driver/Src/stm32f1xx_hal_rcc.o
 .debug_frame   0x00000ed0      0x824 ./Drivers/STM32F1xx_HAL_Driver/Src/stm32f1xx_hal_spi.o
 .debug_frame   0x000016f4      0x944 ./Drivers/STM32F1xx_HAL_Driver/Src/stm32f1xx_hal_uart.o
 .debug_frame   0x00002038       0x4c ./FATFS/App/fatfs.o
 .debug_frame   0x00002084       0xc4 ./FATFS/Target/user_diskio.o
 .debug_frame   0x00002148      0x28c ./MIDWARE/FATFS_SD/FATFS_SD.o
 .debug_frame   0x000023d4       0xec ./Middlewares/Third_Party/FatFs/src/diskio.o
 .debug_frame   0x000024c0      0x9ac ./Middlewares/Third_Party/FatFs/src/ff.o
 .debug_frame   0x00002e6c       0xc8 ./Middlewares/Third_Party/FatFs/src/ff_gen_drv.o
 .debug_frame   0x00002f34       0x60 ./Middlewares/Third_Party/FatFs/src/option/ccsbcs.o
 .debug_frame   0x00002f94       0x30 C:/ST/STM32CubeIDE_1.18.0/STM32CubeIDE/plugins/com.st.stm32cube.ide.mcu.externaltools.gnu-tools-for-stm32.13.3.rel1.win32_1.0.0.202411081344/tools/bin/../lib/gcc/arm-none-eabi/13.3.1/../../../../arm-none-eabi/lib/thumb/v7-m/nofp\libc_nano.a(libc_a-atoi.o)
 .debug_frame   0x00002fc4       0x64 C:/ST/STM32CubeIDE_1.18.0/STM32CubeIDE/plugins/com.st.stm32cube.ide.mcu.externaltools.gnu-tools-for-stm32.13.3.rel1.win32_1.0.0.202411081344/tools/bin/../lib/gcc/arm-none-eabi/13.3.1/../../../../arm-none-eabi/lib/thumb/v7-m/nofp\libc_nano.a(libc_a-strtol.o)
 .debug_frame   0x00003028      0x144 C:/ST/STM32CubeIDE_1.18.0/STM32CubeIDE/plugins/com.st.stm32cube.ide.mcu.externaltools.gnu-tools-for-stm32.13.3.rel1.win32_1.0.0.202411081344/tools/bin/../lib/gcc/arm-none-eabi/13.3.1/../../../../arm-none-eabi/lib/thumb/v7-m/nofp\libc_nano.a(libc_a-findfp.o)
 .debug_frame   0x0000316c       0x74 C:/ST/STM32CubeIDE_1.18.0/STM32CubeIDE/plugins/com.st.stm32cube.ide.mcu.externaltools.gnu-tools-for-stm32.13.3.rel1.win32_1.0.0.202411081344/tools/bin/../lib/gcc/arm-none-eabi/13.3.1/../../../../arm-none-eabi/lib/thumb/v7-m/nofp\libc_nano.a(libc_a-sprintf.o)
 .debug_frame   0x000031e0       0x20 C:/ST/STM32CubeIDE_1.18.0/STM32CubeIDE/plugins/com.st.stm32cube.ide.mcu.externaltools.gnu-tools-for-stm32.13.3.rel1.win32_1.0.0.202411081344/tools/bin/../lib/gcc/arm-none-eabi/13.3.1/../../../../arm-none-eabi/lib/thumb/v7-m/nofp\libc_nano.a(libc_a-memset.o)
 .debug_frame   0x00003200       0x38 C:/ST/STM32CubeIDE_1.18.0/STM32CubeIDE/plugins/com.st.stm32cube.ide.mcu.externaltools.gnu-tools-for-stm32.13.3.rel1.win32_1.0.0.202411081344/tools/bin/../lib/gcc/arm-none-eabi/13.3.1/../../../../arm-none-eabi/lib/thumb/v7-m/nofp\libc_nano.a(libc_a-reent.o)
 .debug_frame   0x00003238       0x20 C:/ST/STM32CubeIDE_1.18.0/STM32CubeIDE/plugins/com.st.stm32cube.ide.mcu.externaltools.gnu-tools-for-stm32.13.3.rel1.win32_1.0.0.202411081344/tools/bin/../lib/gcc/arm-none-eabi/13.3.1/../../../../arm-none-eabi/lib/thumb/v7-m/nofp\libc_nano.a(libc_a-errno.o)
 .debug_frame   0x00003258       0x2c C:/ST/STM32CubeIDE_1.18.0/STM32CubeIDE/plugins/com.st.stm32cube.ide.mcu.externaltools.gnu-tools-for-stm32.13.3.rel1.win32_1.0.0.202411081344/tools/bin/../lib/gcc/arm-none-eabi/13.3.1/../../../../arm-none-eabi/lib/thumb/v7-m/nofp\libc_nano.a(libc_a-init.o)
 .debug_frame   0x00003284       0xb0 C:/ST/STM32CubeIDE_1.18.0/STM32CubeIDE/plugins/com.st.stm32cube.ide.mcu.externaltools.gnu-tools-for-stm32.13.3.rel1.win32_1.0.0.202411081344/tools/bin/../lib/gcc/arm-none-eabi/13.3.1/../../../../arm-none-eabi/lib/thumb/v7-m/nofp\libc_nano.a(libc_a-lock.o)
 .debug_frame   0x00003334       0x38 C:/ST/STM32CubeIDE_1.18.0/STM32CubeIDE/plugins/com.st.stm32cube.ide.mcu.externaltools.gnu-tools-for-stm32.13.3.rel1.win32_1.0.0.202411081344/tools/bin/../lib/gcc/arm-none-eabi/13.3.1/../../../../arm-none-eabi/lib/thumb/v7-m/nofp\libc_nano.a(libc_a-freer.o)
 .debug_frame   0x0000336c       0x50 C:/ST/STM32CubeIDE_1.18.0/STM32CubeIDE/plugins/com.st.stm32cube.ide.mcu.externaltools.gnu-tools-for-stm32.13.3.rel1.win32_1.0.0.202411081344/tools/bin/../lib/gcc/arm-none-eabi/13.3.1/../../../../arm-none-eabi/lib/thumb/v7-m/nofp\libc_nano.a(libc_a-mallocr.o)
 .debug_frame   0x000033bc       0x30 C:/ST/STM32CubeIDE_1.18.0/STM32CubeIDE/plugins/com.st.stm32cube.ide.mcu.externaltools.gnu-tools-for-stm32.13.3.rel1.win32_1.0.0.202411081344/tools/bin/../lib/gcc/arm-none-eabi/13.3.1/../../../../arm-none-eabi/lib/thumb/v7-m/nofp\libc_nano.a(libc_a-mlock.o)
 .debug_frame   0x000033ec       0x90 C:/ST/STM32CubeIDE_1.18.0/STM32CubeIDE/plugins/com.st.stm32cube.ide.mcu.externaltools.gnu-tools-for-stm32.13.3.rel1.win32_1.0.0.202411081344/tools/bin/../lib/gcc/arm-none-eabi/13.3.1/../../../../arm-none-eabi/lib/thumb/v7-m/nofp\libc_nano.a(libc_a-nano-svfprintf.o)
 .debug_frame   0x0000347c       0x60 C:/ST/STM32CubeIDE_1.18.0/STM32CubeIDE/plugins/com.st.stm32cube.ide.mcu.externaltools.gnu-tools-for-stm32.13.3.rel1.win32_1.0.0.202411081344/tools/bin/../lib/gcc/arm-none-eabi/13.3.1/../../../../arm-none-eabi/lib/thumb/v7-m/nofp\libc_nano.a(libc_a-nano-vfprintf_i.o)
 .debug_frame   0x000034dc       0x28 C:/ST/STM32CubeIDE_1.18.0/STM32CubeIDE/plugins/com.st.stm32cube.ide.mcu.externaltools.gnu-tools-for-stm32.13.3.rel1.win32_1.0.0.202411081344/tools/bin/../lib/gcc/arm-none-eabi/13.3.1/../../../../arm-none-eabi/lib/thumb/v7-m/nofp\libc_nano.a(libc_a-memmove.o)
 .debug_frame   0x00003504       0x2c C:/ST/STM32CubeIDE_1.18.0/STM32CubeIDE/plugins/com.st.stm32cube.ide.mcu.externaltools.gnu-tools-for-stm32.13.3.rel1.win32_1.0.0.202411081344/tools/bin/../lib/gcc/arm-none-eabi/13.3.1/../../../../arm-none-eabi/lib/thumb/v7-m/nofp\libc_nano.a(libc_a-sbrkr.o)
 .debug_frame   0x00003530       0x28 C:/ST/STM32CubeIDE_1.18.0/STM32CubeIDE/plugins/com.st.stm32cube.ide.mcu.externaltools.gnu-tools-for-stm32.13.3.rel1.win32_1.0.0.202411081344/tools/bin/../lib/gcc/arm-none-eabi/13.3.1/../../../../arm-none-eabi/lib/thumb/v7-m/nofp\libc_nano.a(libc_a-memchr-stub.o)
 .debug_frame   0x00003558       0x28 C:/ST/STM32CubeIDE_1.18.0/STM32CubeIDE/plugins/com.st.stm32cube.ide.mcu.externaltools.gnu-tools-for-stm32.13.3.rel1.win32_1.0.0.202411081344/tools/bin/../lib/gcc/arm-none-eabi/13.3.1/../../../../arm-none-eabi/lib/thumb/v7-m/nofp\libc_nano.a(libc_a-memcpy-stub.o)
 .debug_frame   0x00003580       0x3c C:/ST/STM32CubeIDE_1.18.0/STM32CubeIDE/plugins/com.st.stm32cube.ide.mcu.externaltools.gnu-tools-for-stm32.13.3.rel1.win32_1.0.0.202411081344/tools/bin/../lib/gcc/arm-none-eabi/13.3.1/../../../../arm-none-eabi/lib/thumb/v7-m/nofp\libc_nano.a(libc_a-reallocr.o)
 .debug_frame   0x000035bc       0x20 C:/ST/STM32CubeIDE_1.18.0/STM32CubeIDE/plugins/com.st.stm32cube.ide.mcu.externaltools.gnu-tools-for-stm32.13.3.rel1.win32_1.0.0.202411081344/tools/bin/../lib/gcc/arm-none-eabi/13.3.1/../../../../arm-none-eabi/lib/thumb/v7-m/nofp\libc_nano.a(libc_a-msizer.o)
 .debug_frame   0x000035dc       0x30 C:/ST/STM32CubeIDE_1.18.0/STM32CubeIDE/plugins/com.st.stm32cube.ide.mcu.externaltools.gnu-tools-for-stm32.13.3.rel1.win32_1.0.0.202411081344/tools/bin/../lib/gcc/arm-none-eabi/13.3.1/thumb/v7-m/nofp\libgcc.a(_arm_muldf3.o)
 .debug_frame   0x0000360c       0xac C:/ST/STM32CubeIDE_1.18.0/STM32CubeIDE/plugins/com.st.stm32cube.ide.mcu.externaltools.gnu-tools-for-stm32.13.3.rel1.win32_1.0.0.202411081344/tools/bin/../lib/gcc/arm-none-eabi/13.3.1/thumb/v7-m/nofp\libgcc.a(_arm_addsubdf3.o)
 .debug_frame   0x000036b8       0x24 C:/ST/STM32CubeIDE_1.18.0/STM32CubeIDE/plugins/com.st.stm32cube.ide.mcu.externaltools.gnu-tools-for-stm32.13.3.rel1.win32_1.0.0.202411081344/tools/bin/../lib/gcc/arm-none-eabi/13.3.1/thumb/v7-m/nofp\libgcc.a(_arm_fixunsdfsi.o)

.debug_line_str
                0x00000000       0x6d
 .debug_line_str
                0x00000000       0x6d ./Core/Startup/startup_stm32f103c8tx.o
